<?xml version="1.0" encoding="ISO-8859-1" ?>
<link_info>
   <banner>MSP430 Linker PC v21.6.1.LTS</banner>
   <copyright>Copyright (c) 2003-2018 Texas Instruments Incorporated</copyright>
   <link_time>0x676e26e2</link_time>
   <link_errors>0x0</link_errors>
   <output_file>ML_int8.out</output_file>
   <entry_point>
      <name>_c_int00_noargs</name>
      <address>0x4000</address>
   </entry_point>
   <input_file_list>
      <input_file id="fl-2">
         <path>.\</path>
         <kind>object</kind>
         <file>main.obj</file>
         <name>main.obj</name>
      </input_file>
      <input_file id="fl-3">
         <path>.\DSPLib\source\filter\</path>
         <kind>object</kind>
         <file>msp_biquad_cascade_df1_q15.obj</file>
         <name>msp_biquad_cascade_df1_q15.obj</name>
      </input_file>
      <input_file id="fl-4">
         <path>.\DSPLib\source\filter\</path>
         <kind>object</kind>
         <file>msp_biquad_cascade_df2_ext_q15.obj</file>
         <name>msp_biquad_cascade_df2_ext_q15.obj</name>
      </input_file>
      <input_file id="fl-5">
         <path>.\DSPLib\source\filter\</path>
         <kind>object</kind>
         <file>msp_biquad_cascade_df2_q15.obj</file>
         <name>msp_biquad_cascade_df2_q15.obj</name>
      </input_file>
      <input_file id="fl-6">
         <path>.\DSPLib\source\filter\</path>
         <kind>object</kind>
         <file>msp_biquad_df1_q15.obj</file>
         <name>msp_biquad_df1_q15.obj</name>
      </input_file>
      <input_file id="fl-7">
         <path>.\DSPLib\source\filter\</path>
         <kind>object</kind>
         <file>msp_biquad_df2_ext_q15.obj</file>
         <name>msp_biquad_df2_ext_q15.obj</name>
      </input_file>
      <input_file id="fl-8">
         <path>.\DSPLib\source\filter\</path>
         <kind>object</kind>
         <file>msp_biquad_df2_q15.obj</file>
         <name>msp_biquad_df2_q15.obj</name>
      </input_file>
      <input_file id="fl-9">
         <path>.\DSPLib\source\filter\</path>
         <kind>object</kind>
         <file>msp_cmplx_fir_iq31.obj</file>
         <name>msp_cmplx_fir_iq31.obj</name>
      </input_file>
      <input_file id="fl-a">
         <path>.\DSPLib\source\filter\</path>
         <kind>object</kind>
         <file>msp_cmplx_fir_q15.obj</file>
         <name>msp_cmplx_fir_q15.obj</name>
      </input_file>
      <input_file id="fl-b">
         <path>.\DSPLib\source\filter\</path>
         <kind>object</kind>
         <file>msp_fir_iq31.obj</file>
         <name>msp_fir_iq31.obj</name>
      </input_file>
      <input_file id="fl-c">
         <path>.\DSPLib\source\filter\</path>
         <kind>object</kind>
         <file>msp_fir_q15.obj</file>
         <name>msp_fir_q15.obj</name>
      </input_file>
      <input_file id="fl-d">
         <path>.\DSPLib\source\lea\</path>
         <kind>object</kind>
         <file>msp_lea_flags.obj</file>
         <name>msp_lea_flags.obj</name>
      </input_file>
      <input_file id="fl-e">
         <path>.\DSPLib\source\lea\</path>
         <kind>object</kind>
         <file>msp_lea_init.obj</file>
         <name>msp_lea_init.obj</name>
      </input_file>
      <input_file id="fl-f">
         <path>.\DSPLib\source\lea\</path>
         <kind>object</kind>
         <file>msp_lea_isr.obj</file>
         <name>msp_lea_isr.obj</name>
      </input_file>
      <input_file id="fl-10">
         <path>.\DSPLib\source\lea\</path>
         <kind>object</kind>
         <file>msp_lea_patch.obj</file>
         <name>msp_lea_patch.obj</name>
      </input_file>
      <input_file id="fl-11">
         <path>.\DSPLib\source\matrix\</path>
         <kind>object</kind>
         <file>msp_matrix_abs_iq31.obj</file>
         <name>msp_matrix_abs_iq31.obj</name>
      </input_file>
      <input_file id="fl-12">
         <path>.\DSPLib\source\matrix\</path>
         <kind>object</kind>
         <file>msp_matrix_abs_q15.obj</file>
         <name>msp_matrix_abs_q15.obj</name>
      </input_file>
      <input_file id="fl-13">
         <path>.\DSPLib\source\matrix\</path>
         <kind>object</kind>
         <file>msp_matrix_add_iq31.obj</file>
         <name>msp_matrix_add_iq31.obj</name>
      </input_file>
      <input_file id="fl-14">
         <path>.\DSPLib\source\matrix\</path>
         <kind>object</kind>
         <file>msp_matrix_add_q15.obj</file>
         <name>msp_matrix_add_q15.obj</name>
      </input_file>
      <input_file id="fl-15">
         <path>.\DSPLib\source\matrix\</path>
         <kind>object</kind>
         <file>msp_matrix_mpy_iq31.obj</file>
         <name>msp_matrix_mpy_iq31.obj</name>
      </input_file>
      <input_file id="fl-16">
         <path>.\DSPLib\source\matrix\</path>
         <kind>object</kind>
         <file>msp_matrix_mpy_q15.obj</file>
         <name>msp_matrix_mpy_q15.obj</name>
      </input_file>
      <input_file id="fl-17">
         <path>.\DSPLib\source\matrix\</path>
         <kind>object</kind>
         <file>msp_matrix_neg_iq31.obj</file>
         <name>msp_matrix_neg_iq31.obj</name>
      </input_file>
      <input_file id="fl-18">
         <path>.\DSPLib\source\matrix\</path>
         <kind>object</kind>
         <file>msp_matrix_neg_q15.obj</file>
         <name>msp_matrix_neg_q15.obj</name>
      </input_file>
      <input_file id="fl-19">
         <path>.\DSPLib\source\matrix\</path>
         <kind>object</kind>
         <file>msp_matrix_offset_iq31.obj</file>
         <name>msp_matrix_offset_iq31.obj</name>
      </input_file>
      <input_file id="fl-1a">
         <path>.\DSPLib\source\matrix\</path>
         <kind>object</kind>
         <file>msp_matrix_offset_q15.obj</file>
         <name>msp_matrix_offset_q15.obj</name>
      </input_file>
      <input_file id="fl-1b">
         <path>.\DSPLib\source\matrix\</path>
         <kind>object</kind>
         <file>msp_matrix_scale_iq31.obj</file>
         <name>msp_matrix_scale_iq31.obj</name>
      </input_file>
      <input_file id="fl-1c">
         <path>.\DSPLib\source\matrix\</path>
         <kind>object</kind>
         <file>msp_matrix_scale_q15.obj</file>
         <name>msp_matrix_scale_q15.obj</name>
      </input_file>
      <input_file id="fl-1d">
         <path>.\DSPLib\source\matrix\</path>
         <kind>object</kind>
         <file>msp_matrix_shift_iq31.obj</file>
         <name>msp_matrix_shift_iq31.obj</name>
      </input_file>
      <input_file id="fl-1e">
         <path>.\DSPLib\source\matrix\</path>
         <kind>object</kind>
         <file>msp_matrix_shift_q15.obj</file>
         <name>msp_matrix_shift_q15.obj</name>
      </input_file>
      <input_file id="fl-1f">
         <path>.\DSPLib\source\matrix\</path>
         <kind>object</kind>
         <file>msp_matrix_sub_iq31.obj</file>
         <name>msp_matrix_sub_iq31.obj</name>
      </input_file>
      <input_file id="fl-20">
         <path>.\DSPLib\source\matrix\</path>
         <kind>object</kind>
         <file>msp_matrix_sub_q15.obj</file>
         <name>msp_matrix_sub_q15.obj</name>
      </input_file>
      <input_file id="fl-21">
         <path>.\DSPLib\source\matrix\</path>
         <kind>object</kind>
         <file>msp_matrix_trans_iq31.obj</file>
         <name>msp_matrix_trans_iq31.obj</name>
      </input_file>
      <input_file id="fl-22">
         <path>.\DSPLib\source\matrix\</path>
         <kind>object</kind>
         <file>msp_matrix_trans_q15.obj</file>
         <name>msp_matrix_trans_q15.obj</name>
      </input_file>
      <input_file id="fl-23">
         <path>.\DSPLib\source\transform\</path>
         <kind>object</kind>
         <file>msp_cmplx_bitrev_iq31.obj</file>
         <name>msp_cmplx_bitrev_iq31.obj</name>
      </input_file>
      <input_file id="fl-24">
         <path>.\DSPLib\source\transform\</path>
         <kind>object</kind>
         <file>msp_cmplx_bitrev_q15.obj</file>
         <name>msp_cmplx_bitrev_q15.obj</name>
      </input_file>
      <input_file id="fl-25">
         <path>.\DSPLib\source\transform\</path>
         <kind>object</kind>
         <file>msp_cmplx_fft_auto_q15.obj</file>
         <name>msp_cmplx_fft_auto_q15.obj</name>
      </input_file>
      <input_file id="fl-26">
         <path>.\DSPLib\source\transform\</path>
         <kind>object</kind>
         <file>msp_cmplx_fft_fixed_q15.obj</file>
         <name>msp_cmplx_fft_fixed_q15.obj</name>
      </input_file>
      <input_file id="fl-27">
         <path>.\DSPLib\source\transform\</path>
         <kind>object</kind>
         <file>msp_cmplx_fft_iq31.obj</file>
         <name>msp_cmplx_fft_iq31.obj</name>
      </input_file>
      <input_file id="fl-28">
         <path>.\DSPLib\source\transform\</path>
         <kind>object</kind>
         <file>msp_cmplx_ifft_auto_q15.obj</file>
         <name>msp_cmplx_ifft_auto_q15.obj</name>
      </input_file>
      <input_file id="fl-29">
         <path>.\DSPLib\source\transform\</path>
         <kind>object</kind>
         <file>msp_cmplx_ifft_fixed_q15.obj</file>
         <name>msp_cmplx_ifft_fixed_q15.obj</name>
      </input_file>
      <input_file id="fl-2a">
         <path>.\DSPLib\source\transform\</path>
         <kind>object</kind>
         <file>msp_cmplx_ifft_iq31.obj</file>
         <name>msp_cmplx_ifft_iq31.obj</name>
      </input_file>
      <input_file id="fl-2b">
         <path>.\DSPLib\source\transform\</path>
         <kind>object</kind>
         <file>msp_fft_auto_q15.obj</file>
         <name>msp_fft_auto_q15.obj</name>
      </input_file>
      <input_file id="fl-2c">
         <path>.\DSPLib\source\transform\</path>
         <kind>object</kind>
         <file>msp_fft_fixed_q15.obj</file>
         <name>msp_fft_fixed_q15.obj</name>
      </input_file>
      <input_file id="fl-2d">
         <path>.\DSPLib\source\transform\</path>
         <kind>object</kind>
         <file>msp_fft_iq31.obj</file>
         <name>msp_fft_iq31.obj</name>
      </input_file>
      <input_file id="fl-2e">
         <path>.\DSPLib\source\transform\</path>
         <kind>object</kind>
         <file>msp_ifft_auto_q15.obj</file>
         <name>msp_ifft_auto_q15.obj</name>
      </input_file>
      <input_file id="fl-2f">
         <path>.\DSPLib\source\transform\</path>
         <kind>object</kind>
         <file>msp_ifft_fixed_q15.obj</file>
         <name>msp_ifft_fixed_q15.obj</name>
      </input_file>
      <input_file id="fl-30">
         <path>.\DSPLib\source\transform\</path>
         <kind>object</kind>
         <file>msp_ifft_iq31.obj</file>
         <name>msp_ifft_iq31.obj</name>
      </input_file>
      <input_file id="fl-31">
         <path>.\DSPLib\source\transform\</path>
         <kind>object</kind>
         <file>msp_split_iq31.obj</file>
         <name>msp_split_iq31.obj</name>
      </input_file>
      <input_file id="fl-32">
         <path>.\DSPLib\source\transform\</path>
         <kind>object</kind>
         <file>msp_split_q15.obj</file>
         <name>msp_split_q15.obj</name>
      </input_file>
      <input_file id="fl-33">
         <path>.\DSPLib\source\transform\</path>
         <kind>object</kind>
         <file>msp_transform_tables.obj</file>
         <name>msp_transform_tables.obj</name>
      </input_file>
      <input_file id="fl-34">
         <path>.\DSPLib\source\utility\</path>
         <kind>object</kind>
         <file>msp_cmplx_fill_iq31.obj</file>
         <name>msp_cmplx_fill_iq31.obj</name>
      </input_file>
      <input_file id="fl-35">
         <path>.\DSPLib\source\utility\</path>
         <kind>object</kind>
         <file>msp_cmplx_fill_q15.obj</file>
         <name>msp_cmplx_fill_q15.obj</name>
      </input_file>
      <input_file id="fl-36">
         <path>.\DSPLib\source\utility\</path>
         <kind>object</kind>
         <file>msp_cmplx_iq31.obj</file>
         <name>msp_cmplx_iq31.obj</name>
      </input_file>
      <input_file id="fl-37">
         <path>.\DSPLib\source\utility\</path>
         <kind>object</kind>
         <file>msp_cmplx_q15.obj</file>
         <name>msp_cmplx_q15.obj</name>
      </input_file>
      <input_file id="fl-38">
         <path>.\DSPLib\source\utility\</path>
         <kind>object</kind>
         <file>msp_copy_iq31.obj</file>
         <name>msp_copy_iq31.obj</name>
      </input_file>
      <input_file id="fl-39">
         <path>.\DSPLib\source\utility\</path>
         <kind>object</kind>
         <file>msp_copy_q15.obj</file>
         <name>msp_copy_q15.obj</name>
      </input_file>
      <input_file id="fl-3a">
         <path>.\DSPLib\source\utility\</path>
         <kind>object</kind>
         <file>msp_deinterleave_iq31.obj</file>
         <name>msp_deinterleave_iq31.obj</name>
      </input_file>
      <input_file id="fl-3b">
         <path>.\DSPLib\source\utility\</path>
         <kind>object</kind>
         <file>msp_deinterleave_q15.obj</file>
         <name>msp_deinterleave_q15.obj</name>
      </input_file>
      <input_file id="fl-3c">
         <path>.\DSPLib\source\utility\</path>
         <kind>object</kind>
         <file>msp_fill_iq31.obj</file>
         <name>msp_fill_iq31.obj</name>
      </input_file>
      <input_file id="fl-3d">
         <path>.\DSPLib\source\utility\</path>
         <kind>object</kind>
         <file>msp_fill_q15.obj</file>
         <name>msp_fill_q15.obj</name>
      </input_file>
      <input_file id="fl-3e">
         <path>.\DSPLib\source\utility\</path>
         <kind>object</kind>
         <file>msp_interleave_iq31.obj</file>
         <name>msp_interleave_iq31.obj</name>
      </input_file>
      <input_file id="fl-3f">
         <path>.\DSPLib\source\utility\</path>
         <kind>object</kind>
         <file>msp_interleave_q15.obj</file>
         <name>msp_interleave_q15.obj</name>
      </input_file>
      <input_file id="fl-40">
         <path>.\DSPLib\source\utility\</path>
         <kind>object</kind>
         <file>msp_iq31_to_q15.obj</file>
         <name>msp_iq31_to_q15.obj</name>
      </input_file>
      <input_file id="fl-41">
         <path>.\DSPLib\source\utility\</path>
         <kind>object</kind>
         <file>msp_q15_to_iq31.obj</file>
         <name>msp_q15_to_iq31.obj</name>
      </input_file>
      <input_file id="fl-42">
         <path>.\DSPLib\source\utility\</path>
         <kind>object</kind>
         <file>msp_sinusoid_q15.obj</file>
         <name>msp_sinusoid_q15.obj</name>
      </input_file>
      <input_file id="fl-43">
         <path>.\DSPLib\source\vector\</path>
         <kind>object</kind>
         <file>msp_abs_iq31.obj</file>
         <name>msp_abs_iq31.obj</name>
      </input_file>
      <input_file id="fl-44">
         <path>.\DSPLib\source\vector\</path>
         <kind>object</kind>
         <file>msp_abs_q15.obj</file>
         <name>msp_abs_q15.obj</name>
      </input_file>
      <input_file id="fl-45">
         <path>.\DSPLib\source\vector\</path>
         <kind>object</kind>
         <file>msp_add_iq31.obj</file>
         <name>msp_add_iq31.obj</name>
      </input_file>
      <input_file id="fl-46">
         <path>.\DSPLib\source\vector\</path>
         <kind>object</kind>
         <file>msp_add_q15.obj</file>
         <name>msp_add_q15.obj</name>
      </input_file>
      <input_file id="fl-47">
         <path>.\DSPLib\source\vector\</path>
         <kind>object</kind>
         <file>msp_cmplx_add_iq31.obj</file>
         <name>msp_cmplx_add_iq31.obj</name>
      </input_file>
      <input_file id="fl-48">
         <path>.\DSPLib\source\vector\</path>
         <kind>object</kind>
         <file>msp_cmplx_add_q15.obj</file>
         <name>msp_cmplx_add_q15.obj</name>
      </input_file>
      <input_file id="fl-49">
         <path>.\DSPLib\source\vector\</path>
         <kind>object</kind>
         <file>msp_cmplx_conj_iq31.obj</file>
         <name>msp_cmplx_conj_iq31.obj</name>
      </input_file>
      <input_file id="fl-4a">
         <path>.\DSPLib\source\vector\</path>
         <kind>object</kind>
         <file>msp_cmplx_conj_q15.obj</file>
         <name>msp_cmplx_conj_q15.obj</name>
      </input_file>
      <input_file id="fl-4b">
         <path>.\DSPLib\source\vector\</path>
         <kind>object</kind>
         <file>msp_cmplx_mac_iq31.obj</file>
         <name>msp_cmplx_mac_iq31.obj</name>
      </input_file>
      <input_file id="fl-4c">
         <path>.\DSPLib\source\vector\</path>
         <kind>object</kind>
         <file>msp_cmplx_mac_q15.obj</file>
         <name>msp_cmplx_mac_q15.obj</name>
      </input_file>
      <input_file id="fl-4d">
         <path>.\DSPLib\source\vector\</path>
         <kind>object</kind>
         <file>msp_cmplx_mpy_iq31.obj</file>
         <name>msp_cmplx_mpy_iq31.obj</name>
      </input_file>
      <input_file id="fl-4e">
         <path>.\DSPLib\source\vector\</path>
         <kind>object</kind>
         <file>msp_cmplx_mpy_q15.obj</file>
         <name>msp_cmplx_mpy_q15.obj</name>
      </input_file>
      <input_file id="fl-4f">
         <path>.\DSPLib\source\vector\</path>
         <kind>object</kind>
         <file>msp_cmplx_mpy_real_iq31.obj</file>
         <name>msp_cmplx_mpy_real_iq31.obj</name>
      </input_file>
      <input_file id="fl-50">
         <path>.\DSPLib\source\vector\</path>
         <kind>object</kind>
         <file>msp_cmplx_mpy_real_q15.obj</file>
         <name>msp_cmplx_mpy_real_q15.obj</name>
      </input_file>
      <input_file id="fl-51">
         <path>.\DSPLib\source\vector\</path>
         <kind>object</kind>
         <file>msp_cmplx_scale_iq31.obj</file>
         <name>msp_cmplx_scale_iq31.obj</name>
      </input_file>
      <input_file id="fl-52">
         <path>.\DSPLib\source\vector\</path>
         <kind>object</kind>
         <file>msp_cmplx_scale_q15.obj</file>
         <name>msp_cmplx_scale_q15.obj</name>
      </input_file>
      <input_file id="fl-53">
         <path>.\DSPLib\source\vector\</path>
         <kind>object</kind>
         <file>msp_cmplx_shift_iq31.obj</file>
         <name>msp_cmplx_shift_iq31.obj</name>
      </input_file>
      <input_file id="fl-54">
         <path>.\DSPLib\source\vector\</path>
         <kind>object</kind>
         <file>msp_cmplx_shift_q15.obj</file>
         <name>msp_cmplx_shift_q15.obj</name>
      </input_file>
      <input_file id="fl-55">
         <path>.\DSPLib\source\vector\</path>
         <kind>object</kind>
         <file>msp_cmplx_sub_iq31.obj</file>
         <name>msp_cmplx_sub_iq31.obj</name>
      </input_file>
      <input_file id="fl-56">
         <path>.\DSPLib\source\vector\</path>
         <kind>object</kind>
         <file>msp_cmplx_sub_q15.obj</file>
         <name>msp_cmplx_sub_q15.obj</name>
      </input_file>
      <input_file id="fl-57">
         <path>.\DSPLib\source\vector\</path>
         <kind>object</kind>
         <file>msp_mac_iq31.obj</file>
         <name>msp_mac_iq31.obj</name>
      </input_file>
      <input_file id="fl-58">
         <path>.\DSPLib\source\vector\</path>
         <kind>object</kind>
         <file>msp_mac_q15.obj</file>
         <name>msp_mac_q15.obj</name>
      </input_file>
      <input_file id="fl-59">
         <path>.\DSPLib\source\vector\</path>
         <kind>object</kind>
         <file>msp_max_iq31.obj</file>
         <name>msp_max_iq31.obj</name>
      </input_file>
      <input_file id="fl-5a">
         <path>.\DSPLib\source\vector\</path>
         <kind>object</kind>
         <file>msp_max_q15.obj</file>
         <name>msp_max_q15.obj</name>
      </input_file>
      <input_file id="fl-5b">
         <path>.\DSPLib\source\vector\</path>
         <kind>object</kind>
         <file>msp_max_uq15.obj</file>
         <name>msp_max_uq15.obj</name>
      </input_file>
      <input_file id="fl-5c">
         <path>.\DSPLib\source\vector\</path>
         <kind>object</kind>
         <file>msp_max_uq31.obj</file>
         <name>msp_max_uq31.obj</name>
      </input_file>
      <input_file id="fl-5d">
         <path>.\DSPLib\source\vector\</path>
         <kind>object</kind>
         <file>msp_min_iq31.obj</file>
         <name>msp_min_iq31.obj</name>
      </input_file>
      <input_file id="fl-5e">
         <path>.\DSPLib\source\vector\</path>
         <kind>object</kind>
         <file>msp_min_q15.obj</file>
         <name>msp_min_q15.obj</name>
      </input_file>
      <input_file id="fl-5f">
         <path>.\DSPLib\source\vector\</path>
         <kind>object</kind>
         <file>msp_min_uq15.obj</file>
         <name>msp_min_uq15.obj</name>
      </input_file>
      <input_file id="fl-60">
         <path>.\DSPLib\source\vector\</path>
         <kind>object</kind>
         <file>msp_min_uq31.obj</file>
         <name>msp_min_uq31.obj</name>
      </input_file>
      <input_file id="fl-61">
         <path>.\DSPLib\source\vector\</path>
         <kind>object</kind>
         <file>msp_mpy_iq31.obj</file>
         <name>msp_mpy_iq31.obj</name>
      </input_file>
      <input_file id="fl-62">
         <path>.\DSPLib\source\vector\</path>
         <kind>object</kind>
         <file>msp_mpy_q15.obj</file>
         <name>msp_mpy_q15.obj</name>
      </input_file>
      <input_file id="fl-63">
         <path>.\DSPLib\source\vector\</path>
         <kind>object</kind>
         <file>msp_neg_iq31.obj</file>
         <name>msp_neg_iq31.obj</name>
      </input_file>
      <input_file id="fl-64">
         <path>.\DSPLib\source\vector\</path>
         <kind>object</kind>
         <file>msp_neg_q15.obj</file>
         <name>msp_neg_q15.obj</name>
      </input_file>
      <input_file id="fl-65">
         <path>.\DSPLib\source\vector\</path>
         <kind>object</kind>
         <file>msp_offset_iq31.obj</file>
         <name>msp_offset_iq31.obj</name>
      </input_file>
      <input_file id="fl-66">
         <path>.\DSPLib\source\vector\</path>
         <kind>object</kind>
         <file>msp_offset_q15.obj</file>
         <name>msp_offset_q15.obj</name>
      </input_file>
      <input_file id="fl-67">
         <path>.\DSPLib\source\vector\</path>
         <kind>object</kind>
         <file>msp_scale_iq31.obj</file>
         <name>msp_scale_iq31.obj</name>
      </input_file>
      <input_file id="fl-68">
         <path>.\DSPLib\source\vector\</path>
         <kind>object</kind>
         <file>msp_scale_q15.obj</file>
         <name>msp_scale_q15.obj</name>
      </input_file>
      <input_file id="fl-69">
         <path>.\DSPLib\source\vector\</path>
         <kind>object</kind>
         <file>msp_shift_iq31.obj</file>
         <name>msp_shift_iq31.obj</name>
      </input_file>
      <input_file id="fl-6a">
         <path>.\DSPLib\source\vector\</path>
         <kind>object</kind>
         <file>msp_shift_q15.obj</file>
         <name>msp_shift_q15.obj</name>
      </input_file>
      <input_file id="fl-6b">
         <path>.\DSPLib\source\vector\</path>
         <kind>object</kind>
         <file>msp_sub_iq31.obj</file>
         <name>msp_sub_iq31.obj</name>
      </input_file>
      <input_file id="fl-6c">
         <path>.\DSPLib\source\vector\</path>
         <kind>object</kind>
         <file>msp_sub_q15.obj</file>
         <name>msp_sub_q15.obj</name>
      </input_file>
      <input_file id="fl-6d">
         <path>.\Source\</path>
         <kind>object</kind>
         <file>croutine.obj</file>
         <name>croutine.obj</name>
      </input_file>
      <input_file id="fl-6e">
         <path>.\Source\</path>
         <kind>object</kind>
         <file>event_groups.obj</file>
         <name>event_groups.obj</name>
      </input_file>
      <input_file id="fl-6f">
         <path>.\Source\</path>
         <kind>object</kind>
         <file>list.obj</file>
         <name>list.obj</name>
      </input_file>
      <input_file id="fl-70">
         <path>.\Source\</path>
         <kind>object</kind>
         <file>queue.obj</file>
         <name>queue.obj</name>
      </input_file>
      <input_file id="fl-71">
         <path>.\Source\</path>
         <kind>object</kind>
         <file>stream_buffer.obj</file>
         <name>stream_buffer.obj</name>
      </input_file>
      <input_file id="fl-72">
         <path>.\Source\</path>
         <kind>object</kind>
         <file>tasks.obj</file>
         <name>tasks.obj</name>
      </input_file>
      <input_file id="fl-73">
         <path>.\Source\</path>
         <kind>object</kind>
         <file>timers.obj</file>
         <name>timers.obj</name>
      </input_file>
      <input_file id="fl-74">
         <path>.\Source\portable\CCS\MSP430X\</path>
         <kind>object</kind>
         <file>port.obj</file>
         <name>port.obj</name>
      </input_file>
      <input_file id="fl-75">
         <path>.\Source\portable\CCS\MSP430X\</path>
         <kind>object</kind>
         <file>portext.obj</file>
         <name>portext.obj</name>
      </input_file>
      <input_file id="fl-76">
         <path>.\Source\portable\MemMang\</path>
         <kind>object</kind>
         <file>heap_4.obj</file>
         <name>heap_4.obj</name>
      </input_file>
      <input_file id="fl-77">
         <path>.\driverlib\MSP430FR5xx_6xx\</path>
         <kind>object</kind>
         <file>adc12_b.obj</file>
         <name>adc12_b.obj</name>
      </input_file>
      <input_file id="fl-78">
         <path>.\driverlib\MSP430FR5xx_6xx\</path>
         <kind>object</kind>
         <file>aes256.obj</file>
         <name>aes256.obj</name>
      </input_file>
      <input_file id="fl-79">
         <path>.\driverlib\MSP430FR5xx_6xx\</path>
         <kind>object</kind>
         <file>comp_e.obj</file>
         <name>comp_e.obj</name>
      </input_file>
      <input_file id="fl-7a">
         <path>.\driverlib\MSP430FR5xx_6xx\</path>
         <kind>object</kind>
         <file>crc.obj</file>
         <name>crc.obj</name>
      </input_file>
      <input_file id="fl-7b">
         <path>.\driverlib\MSP430FR5xx_6xx\</path>
         <kind>object</kind>
         <file>crc32.obj</file>
         <name>crc32.obj</name>
      </input_file>
      <input_file id="fl-7c">
         <path>.\driverlib\MSP430FR5xx_6xx\</path>
         <kind>object</kind>
         <file>cs.obj</file>
         <name>cs.obj</name>
      </input_file>
      <input_file id="fl-7d">
         <path>.\driverlib\MSP430FR5xx_6xx\</path>
         <kind>object</kind>
         <file>dma.obj</file>
         <name>dma.obj</name>
      </input_file>
      <input_file id="fl-7e">
         <path>.\driverlib\MSP430FR5xx_6xx\</path>
         <kind>object</kind>
         <file>esi.obj</file>
         <name>esi.obj</name>
      </input_file>
      <input_file id="fl-7f">
         <path>.\driverlib\MSP430FR5xx_6xx\</path>
         <kind>object</kind>
         <file>eusci_a_spi.obj</file>
         <name>eusci_a_spi.obj</name>
      </input_file>
      <input_file id="fl-80">
         <path>.\driverlib\MSP430FR5xx_6xx\</path>
         <kind>object</kind>
         <file>eusci_a_uart.obj</file>
         <name>eusci_a_uart.obj</name>
      </input_file>
      <input_file id="fl-81">
         <path>.\driverlib\MSP430FR5xx_6xx\</path>
         <kind>object</kind>
         <file>eusci_b_i2c.obj</file>
         <name>eusci_b_i2c.obj</name>
      </input_file>
      <input_file id="fl-82">
         <path>.\driverlib\MSP430FR5xx_6xx\</path>
         <kind>object</kind>
         <file>eusci_b_spi.obj</file>
         <name>eusci_b_spi.obj</name>
      </input_file>
      <input_file id="fl-83">
         <path>.\driverlib\MSP430FR5xx_6xx\</path>
         <kind>object</kind>
         <file>framctl.obj</file>
         <name>framctl.obj</name>
      </input_file>
      <input_file id="fl-84">
         <path>.\driverlib\MSP430FR5xx_6xx\</path>
         <kind>object</kind>
         <file>framctl_a.obj</file>
         <name>framctl_a.obj</name>
      </input_file>
      <input_file id="fl-85">
         <path>.\driverlib\MSP430FR5xx_6xx\</path>
         <kind>object</kind>
         <file>gpio.obj</file>
         <name>gpio.obj</name>
      </input_file>
      <input_file id="fl-86">
         <path>.\driverlib\MSP430FR5xx_6xx\</path>
         <kind>object</kind>
         <file>hspll.obj</file>
         <name>hspll.obj</name>
      </input_file>
      <input_file id="fl-87">
         <path>.\driverlib\MSP430FR5xx_6xx\</path>
         <kind>object</kind>
         <file>lcd_c.obj</file>
         <name>lcd_c.obj</name>
      </input_file>
      <input_file id="fl-88">
         <path>.\driverlib\MSP430FR5xx_6xx\</path>
         <kind>object</kind>
         <file>mpu.obj</file>
         <name>mpu.obj</name>
      </input_file>
      <input_file id="fl-89">
         <path>.\driverlib\MSP430FR5xx_6xx\</path>
         <kind>object</kind>
         <file>mpy32.obj</file>
         <name>mpy32.obj</name>
      </input_file>
      <input_file id="fl-8a">
         <path>.\driverlib\MSP430FR5xx_6xx\</path>
         <kind>object</kind>
         <file>mtif.obj</file>
         <name>mtif.obj</name>
      </input_file>
      <input_file id="fl-8b">
         <path>.\driverlib\MSP430FR5xx_6xx\</path>
         <kind>object</kind>
         <file>pmm.obj</file>
         <name>pmm.obj</name>
      </input_file>
      <input_file id="fl-8c">
         <path>.\driverlib\MSP430FR5xx_6xx\</path>
         <kind>object</kind>
         <file>ram.obj</file>
         <name>ram.obj</name>
      </input_file>
      <input_file id="fl-8d">
         <path>.\driverlib\MSP430FR5xx_6xx\</path>
         <kind>object</kind>
         <file>ref_a.obj</file>
         <name>ref_a.obj</name>
      </input_file>
      <input_file id="fl-8e">
         <path>.\driverlib\MSP430FR5xx_6xx\</path>
         <kind>object</kind>
         <file>rtc_b.obj</file>
         <name>rtc_b.obj</name>
      </input_file>
      <input_file id="fl-8f">
         <path>.\driverlib\MSP430FR5xx_6xx\</path>
         <kind>object</kind>
         <file>rtc_c.obj</file>
         <name>rtc_c.obj</name>
      </input_file>
      <input_file id="fl-90">
         <path>.\driverlib\MSP430FR5xx_6xx\</path>
         <kind>object</kind>
         <file>saph.obj</file>
         <name>saph.obj</name>
      </input_file>
      <input_file id="fl-91">
         <path>.\driverlib\MSP430FR5xx_6xx\</path>
         <kind>object</kind>
         <file>saph_a.obj</file>
         <name>saph_a.obj</name>
      </input_file>
      <input_file id="fl-92">
         <path>.\driverlib\MSP430FR5xx_6xx\</path>
         <kind>object</kind>
         <file>sdhs.obj</file>
         <name>sdhs.obj</name>
      </input_file>
      <input_file id="fl-93">
         <path>.\driverlib\MSP430FR5xx_6xx\</path>
         <kind>object</kind>
         <file>sfr.obj</file>
         <name>sfr.obj</name>
      </input_file>
      <input_file id="fl-94">
         <path>.\driverlib\MSP430FR5xx_6xx\</path>
         <kind>object</kind>
         <file>sysctl.obj</file>
         <name>sysctl.obj</name>
      </input_file>
      <input_file id="fl-95">
         <path>.\driverlib\MSP430FR5xx_6xx\</path>
         <kind>object</kind>
         <file>timer_a.obj</file>
         <name>timer_a.obj</name>
      </input_file>
      <input_file id="fl-96">
         <path>.\driverlib\MSP430FR5xx_6xx\</path>
         <kind>object</kind>
         <file>timer_b.obj</file>
         <name>timer_b.obj</name>
      </input_file>
      <input_file id="fl-97">
         <path>.\driverlib\MSP430FR5xx_6xx\</path>
         <kind>object</kind>
         <file>tlv.obj</file>
         <name>tlv.obj</name>
      </input_file>
      <input_file id="fl-98">
         <path>.\driverlib\MSP430FR5xx_6xx\</path>
         <kind>object</kind>
         <file>uups.obj</file>
         <name>uups.obj</name>
      </input_file>
      <input_file id="fl-99">
         <path>.\driverlib\MSP430FR5xx_6xx\</path>
         <kind>object</kind>
         <file>wdt_a.obj</file>
         <name>wdt_a.obj</name>
      </input_file>
      <input_file id="fl-9a">
         <path>.\layer\</path>
         <kind>object</kind>
         <file>avg_pool.obj</file>
         <name>avg_pool.obj</name>
      </input_file>
      <input_file id="fl-9b">
         <path>.\layer\</path>
         <kind>object</kind>
         <file>block.obj</file>
         <name>block.obj</name>
      </input_file>
      <input_file id="fl-9c">
         <path>.\layer\</path>
         <kind>object</kind>
         <file>conv.obj</file>
         <name>conv.obj</name>
      </input_file>
      <input_file id="fl-9d">
         <path>.\layer\</path>
         <kind>object</kind>
         <file>dense.obj</file>
         <name>dense.obj</name>
      </input_file>
      <input_file id="fl-9e">
         <path>.\layer\</path>
         <kind>object</kind>
         <file>layers.obj</file>
         <name>layers.obj</name>
      </input_file>
      <input_file id="fl-9f">
         <path>.\layer\</path>
         <kind>object</kind>
         <file>max_pooling.obj</file>
         <name>max_pooling.obj</name>
      </input_file>
      <input_file id="fl-a0">
         <path>.\math\</path>
         <kind>object</kind>
         <file>fixed_point_ops.obj</file>
         <name>fixed_point_ops.obj</name>
      </input_file>
      <input_file id="fl-a1">
         <path>.\math\</path>
         <kind>object</kind>
         <file>matrix_ops.obj</file>
         <name>matrix_ops.obj</name>
      </input_file>
      <input_file id="fl-a2">
         <path>.\parameter\</path>
         <kind>object</kind>
         <file>conv_parameter.obj</file>
         <name>conv_parameter.obj</name>
      </input_file>
      <input_file id="fl-a3">
         <path>.\uart_for_msp\</path>
         <kind>object</kind>
         <file>myuart.obj</file>
         <name>myuart.obj</name>
      </input_file>
      <input_file id="fl-a4">
         <path>.\uart_for_msp\</path>
         <kind>object</kind>
         <file>timemeasure.obj</file>
         <name>timemeasure.obj</name>
      </input_file>
      <input_file id="fl-aa">
         <kind>object</kind>
         <file>&lt;internal&gt;</file>
         <name>&lt;internal&gt;</name>
      </input_file>
      <input_file id="fl-c5">
         <path>C:\ti\ccs1260\ccs\tools\compiler\ti-cgt-msp430_21.6.1.LTS\lib\</path>
         <kind>archive</kind>
         <file>rts430x_lc_ld_eabi.lib</file>
         <name>copy_decompress_lzss.c.obj</name>
      </input_file>
      <input_file id="fl-c6">
         <path>C:\ti\ccs1260\ccs\tools\compiler\ti-cgt-msp430_21.6.1.LTS\lib\</path>
         <kind>archive</kind>
         <file>rts430x_lc_ld_eabi.lib</file>
         <name>copy_decompress_none.c.obj</name>
      </input_file>
      <input_file id="fl-c7">
         <path>C:\ti\ccs1260\ccs\tools\compiler\ti-cgt-msp430_21.6.1.LTS\lib\</path>
         <kind>archive</kind>
         <file>rts430x_lc_ld_eabi.lib</file>
         <name>int19.asm.obj</name>
      </input_file>
      <input_file id="fl-c8">
         <path>C:\ti\ccs1260\ccs\tools\compiler\ti-cgt-msp430_21.6.1.LTS\lib\</path>
         <kind>archive</kind>
         <file>rts430x_lc_ld_eabi.lib</file>
         <name>isr_trap.asm.obj</name>
      </input_file>
      <input_file id="fl-c9">
         <path>C:\ti\ccs1260\ccs\tools\compiler\ti-cgt-msp430_21.6.1.LTS\lib\</path>
         <kind>archive</kind>
         <file>rts430x_lc_ld_eabi.lib</file>
         <name>int20.asm.obj</name>
      </input_file>
      <input_file id="fl-ca">
         <path>C:\ti\ccs1260\ccs\tools\compiler\ti-cgt-msp430_21.6.1.LTS\lib\</path>
         <kind>archive</kind>
         <file>rts430x_lc_ld_eabi.lib</file>
         <name>int21.asm.obj</name>
      </input_file>
      <input_file id="fl-cb">
         <path>C:\ti\ccs1260\ccs\tools\compiler\ti-cgt-msp430_21.6.1.LTS\lib\</path>
         <kind>archive</kind>
         <file>rts430x_lc_ld_eabi.lib</file>
         <name>int22.asm.obj</name>
      </input_file>
      <input_file id="fl-cc">
         <path>C:\ti\ccs1260\ccs\tools\compiler\ti-cgt-msp430_21.6.1.LTS\lib\</path>
         <kind>archive</kind>
         <file>rts430x_lc_ld_eabi.lib</file>
         <name>int23.asm.obj</name>
      </input_file>
      <input_file id="fl-cd">
         <path>C:\ti\ccs1260\ccs\tools\compiler\ti-cgt-msp430_21.6.1.LTS\lib\</path>
         <kind>archive</kind>
         <file>rts430x_lc_ld_eabi.lib</file>
         <name>int24.asm.obj</name>
      </input_file>
      <input_file id="fl-ce">
         <path>C:\ti\ccs1260\ccs\tools\compiler\ti-cgt-msp430_21.6.1.LTS\lib\</path>
         <kind>archive</kind>
         <file>rts430x_lc_ld_eabi.lib</file>
         <name>int25.asm.obj</name>
      </input_file>
      <input_file id="fl-cf">
         <path>C:\ti\ccs1260\ccs\tools\compiler\ti-cgt-msp430_21.6.1.LTS\lib\</path>
         <kind>archive</kind>
         <file>rts430x_lc_ld_eabi.lib</file>
         <name>int26.asm.obj</name>
      </input_file>
      <input_file id="fl-d0">
         <path>C:\ti\ccs1260\ccs\tools\compiler\ti-cgt-msp430_21.6.1.LTS\lib\</path>
         <kind>archive</kind>
         <file>rts430x_lc_ld_eabi.lib</file>
         <name>int27.asm.obj</name>
      </input_file>
      <input_file id="fl-d1">
         <path>C:\ti\ccs1260\ccs\tools\compiler\ti-cgt-msp430_21.6.1.LTS\lib\</path>
         <kind>archive</kind>
         <file>rts430x_lc_ld_eabi.lib</file>
         <name>int28.asm.obj</name>
      </input_file>
      <input_file id="fl-d2">
         <path>C:\ti\ccs1260\ccs\tools\compiler\ti-cgt-msp430_21.6.1.LTS\lib\</path>
         <kind>archive</kind>
         <file>rts430x_lc_ld_eabi.lib</file>
         <name>int29.asm.obj</name>
      </input_file>
      <input_file id="fl-d3">
         <path>C:\ti\ccs1260\ccs\tools\compiler\ti-cgt-msp430_21.6.1.LTS\lib\</path>
         <kind>archive</kind>
         <file>rts430x_lc_ld_eabi.lib</file>
         <name>int30.asm.obj</name>
      </input_file>
      <input_file id="fl-d4">
         <path>C:\ti\ccs1260\ccs\tools\compiler\ti-cgt-msp430_21.6.1.LTS\lib\</path>
         <kind>archive</kind>
         <file>rts430x_lc_ld_eabi.lib</file>
         <name>int31.asm.obj</name>
      </input_file>
      <input_file id="fl-d5">
         <path>C:\ti\ccs1260\ccs\tools\compiler\ti-cgt-msp430_21.6.1.LTS\lib\</path>
         <kind>archive</kind>
         <file>rts430x_lc_ld_eabi.lib</file>
         <name>int32.asm.obj</name>
      </input_file>
      <input_file id="fl-d6">
         <path>C:\ti\ccs1260\ccs\tools\compiler\ti-cgt-msp430_21.6.1.LTS\lib\</path>
         <kind>archive</kind>
         <file>rts430x_lc_ld_eabi.lib</file>
         <name>int33.asm.obj</name>
      </input_file>
      <input_file id="fl-d7">
         <path>C:\ti\ccs1260\ccs\tools\compiler\ti-cgt-msp430_21.6.1.LTS\lib\</path>
         <kind>archive</kind>
         <file>rts430x_lc_ld_eabi.lib</file>
         <name>int34.asm.obj</name>
      </input_file>
      <input_file id="fl-d8">
         <path>C:\ti\ccs1260\ccs\tools\compiler\ti-cgt-msp430_21.6.1.LTS\lib\</path>
         <kind>archive</kind>
         <file>rts430x_lc_ld_eabi.lib</file>
         <name>int35.asm.obj</name>
      </input_file>
      <input_file id="fl-d9">
         <path>C:\ti\ccs1260\ccs\tools\compiler\ti-cgt-msp430_21.6.1.LTS\lib\</path>
         <kind>archive</kind>
         <file>rts430x_lc_ld_eabi.lib</file>
         <name>int36.asm.obj</name>
      </input_file>
      <input_file id="fl-da">
         <path>C:\ti\ccs1260\ccs\tools\compiler\ti-cgt-msp430_21.6.1.LTS\lib\</path>
         <kind>archive</kind>
         <file>rts430x_lc_ld_eabi.lib</file>
         <name>int37.asm.obj</name>
      </input_file>
      <input_file id="fl-db">
         <path>C:\ti\ccs1260\ccs\tools\compiler\ti-cgt-msp430_21.6.1.LTS\lib\</path>
         <kind>archive</kind>
         <file>rts430x_lc_ld_eabi.lib</file>
         <name>int38.asm.obj</name>
      </input_file>
      <input_file id="fl-dc">
         <path>C:\ti\ccs1260\ccs\tools\compiler\ti-cgt-msp430_21.6.1.LTS\lib\</path>
         <kind>archive</kind>
         <file>rts430x_lc_ld_eabi.lib</file>
         <name>int39.asm.obj</name>
      </input_file>
      <input_file id="fl-dd">
         <path>C:\ti\ccs1260\ccs\tools\compiler\ti-cgt-msp430_21.6.1.LTS\lib\</path>
         <kind>archive</kind>
         <file>rts430x_lc_ld_eabi.lib</file>
         <name>int41.asm.obj</name>
      </input_file>
      <input_file id="fl-de">
         <path>C:\ti\ccs1260\ccs\tools\compiler\ti-cgt-msp430_21.6.1.LTS\lib\</path>
         <kind>archive</kind>
         <file>rts430x_lc_ld_eabi.lib</file>
         <name>int42.asm.obj</name>
      </input_file>
      <input_file id="fl-df">
         <path>C:\ti\ccs1260\ccs\tools\compiler\ti-cgt-msp430_21.6.1.LTS\lib\</path>
         <kind>archive</kind>
         <file>rts430x_lc_ld_eabi.lib</file>
         <name>int43.asm.obj</name>
      </input_file>
      <input_file id="fl-e0">
         <path>C:\ti\ccs1260\ccs\tools\compiler\ti-cgt-msp430_21.6.1.LTS\lib\</path>
         <kind>archive</kind>
         <file>rts430x_lc_ld_eabi.lib</file>
         <name>int44.asm.obj</name>
      </input_file>
      <input_file id="fl-e1">
         <path>C:\ti\ccs1260\ccs\tools\compiler\ti-cgt-msp430_21.6.1.LTS\lib\</path>
         <kind>archive</kind>
         <file>rts430x_lc_ld_eabi.lib</file>
         <name>int46.asm.obj</name>
      </input_file>
      <input_file id="fl-e2">
         <path>C:\ti\ccs1260\ccs\tools\compiler\ti-cgt-msp430_21.6.1.LTS\lib\</path>
         <kind>archive</kind>
         <file>rts430x_lc_ld_eabi.lib</file>
         <name>int47.asm.obj</name>
      </input_file>
      <input_file id="fl-e3">
         <path>C:\ti\ccs1260\ccs\tools\compiler\ti-cgt-msp430_21.6.1.LTS\lib\</path>
         <kind>archive</kind>
         <file>rts430x_lc_ld_eabi.lib</file>
         <name>int48.asm.obj</name>
      </input_file>
      <input_file id="fl-e4">
         <path>C:\ti\ccs1260\ccs\tools\compiler\ti-cgt-msp430_21.6.1.LTS\lib\</path>
         <kind>archive</kind>
         <file>rts430x_lc_ld_eabi.lib</file>
         <name>int49.asm.obj</name>
      </input_file>
      <input_file id="fl-e5">
         <path>C:\ti\ccs1260\ccs\tools\compiler\ti-cgt-msp430_21.6.1.LTS\lib\</path>
         <kind>archive</kind>
         <file>rts430x_lc_ld_eabi.lib</file>
         <name>int50.asm.obj</name>
      </input_file>
      <input_file id="fl-e6">
         <path>C:\ti\ccs1260\ccs\tools\compiler\ti-cgt-msp430_21.6.1.LTS\lib\</path>
         <kind>archive</kind>
         <file>rts430x_lc_ld_eabi.lib</file>
         <name>int51.asm.obj</name>
      </input_file>
      <input_file id="fl-e7">
         <path>C:\ti\ccs1260\ccs\tools\compiler\ti-cgt-msp430_21.6.1.LTS\lib\</path>
         <kind>archive</kind>
         <file>rts430x_lc_ld_eabi.lib</file>
         <name>int52.asm.obj</name>
      </input_file>
      <input_file id="fl-e8">
         <path>C:\ti\ccs1260\ccs\tools\compiler\ti-cgt-msp430_21.6.1.LTS\lib\</path>
         <kind>archive</kind>
         <file>rts430x_lc_ld_eabi.lib</file>
         <name>int53.asm.obj</name>
      </input_file>
      <input_file id="fl-e9">
         <path>C:\ti\ccs1260\ccs\tools\compiler\ti-cgt-msp430_21.6.1.LTS\lib\</path>
         <kind>archive</kind>
         <file>rts430x_lc_ld_eabi.lib</file>
         <name>int54.asm.obj</name>
      </input_file>
      <input_file id="fl-ea">
         <path>C:\ti\ccs1260\ccs\tools\compiler\ti-cgt-msp430_21.6.1.LTS\lib\</path>
         <kind>archive</kind>
         <file>rts430x_lc_ld_eabi.lib</file>
         <name>copy_zero_init.c.obj</name>
      </input_file>
      <input_file id="fl-eb">
         <path>C:\ti\ccs1260\ccs\tools\compiler\ti-cgt-msp430_21.6.1.LTS\lib\</path>
         <kind>archive</kind>
         <file>rts430x_lc_ld_eabi.lib</file>
         <name>addd.c.obj</name>
      </input_file>
      <input_file id="fl-ec">
         <path>C:\ti\ccs1260\ccs\tools\compiler\ti-cgt-msp430_21.6.1.LTS\lib\</path>
         <kind>archive</kind>
         <file>rts430x_lc_ld_eabi.lib</file>
         <name>cvtdf.c.obj</name>
      </input_file>
      <input_file id="fl-ed">
         <path>C:\ti\ccs1260\ccs\tools\compiler\ti-cgt-msp430_21.6.1.LTS\lib\</path>
         <kind>archive</kind>
         <file>rts430x_lc_ld_eabi.lib</file>
         <name>divd.c.obj</name>
      </input_file>
      <input_file id="fl-ee">
         <path>C:\ti\ccs1260\ccs\tools\compiler\ti-cgt-msp430_21.6.1.LTS\lib\</path>
         <kind>archive</kind>
         <file>rts430x_lc_ld_eabi.lib</file>
         <name>frcdivd.c.obj</name>
      </input_file>
      <input_file id="fl-ef">
         <path>C:\ti\ccs1260\ccs\tools\compiler\ti-cgt-msp430_21.6.1.LTS\lib\</path>
         <kind>archive</kind>
         <file>rts430x_lc_ld_eabi.lib</file>
         <name>div16s.asm.obj</name>
      </input_file>
      <input_file id="fl-f0">
         <path>C:\ti\ccs1260\ccs\tools\compiler\ti-cgt-msp430_21.6.1.LTS\lib\</path>
         <kind>archive</kind>
         <file>rts430x_lc_ld_eabi.lib</file>
         <name>div32s.asm.obj</name>
      </input_file>
      <input_file id="fl-f1">
         <path>C:\ti\ccs1260\ccs\tools\compiler\ti-cgt-msp430_21.6.1.LTS\lib\</path>
         <kind>archive</kind>
         <file>rts430x_lc_ld_eabi.lib</file>
         <name>div64s.c.obj</name>
      </input_file>
      <input_file id="fl-f2">
         <path>C:\ti\ccs1260\ccs\tools\compiler\ti-cgt-msp430_21.6.1.LTS\lib\</path>
         <kind>archive</kind>
         <file>rts430x_lc_ld_eabi.lib</file>
         <name>div16u.asm.obj</name>
      </input_file>
      <input_file id="fl-f3">
         <path>C:\ti\ccs1260\ccs\tools\compiler\ti-cgt-msp430_21.6.1.LTS\lib\</path>
         <kind>archive</kind>
         <file>rts430x_lc_ld_eabi.lib</file>
         <name>div32u.asm.obj</name>
      </input_file>
      <input_file id="fl-f4">
         <path>C:\ti\ccs1260\ccs\tools\compiler\ti-cgt-msp430_21.6.1.LTS\lib\</path>
         <kind>archive</kind>
         <file>rts430x_lc_ld_eabi.lib</file>
         <name>div64u.c.obj</name>
      </input_file>
      <input_file id="fl-f5">
         <path>C:\ti\ccs1260\ccs\tools\compiler\ti-cgt-msp430_21.6.1.LTS\lib\</path>
         <kind>archive</kind>
         <file>rts430x_lc_ld_eabi.lib</file>
         <name>fixdli.c.obj</name>
      </input_file>
      <input_file id="fl-f6">
         <path>C:\ti\ccs1260\ccs\tools\compiler\ti-cgt-msp430_21.6.1.LTS\lib\</path>
         <kind>archive</kind>
         <file>rts430x_lc_ld_eabi.lib</file>
         <name>fs_toi.asm.obj</name>
      </input_file>
      <input_file id="fl-f7">
         <path>C:\ti\ccs1260\ccs\tools\compiler\ti-cgt-msp430_21.6.1.LTS\lib\</path>
         <kind>archive</kind>
         <file>rts430x_lc_ld_eabi.lib</file>
         <name>fltid.c.obj</name>
      </input_file>
      <input_file id="fl-f8">
         <path>C:\ti\ccs1260\ccs\tools\compiler\ti-cgt-msp430_21.6.1.LTS\lib\</path>
         <kind>archive</kind>
         <file>rts430x_lc_ld_eabi.lib</file>
         <name>fs_itof.asm.obj</name>
      </input_file>
      <input_file id="fl-f9">
         <path>C:\ti\ccs1260\ccs\tools\compiler\ti-cgt-msp430_21.6.1.LTS\lib\</path>
         <kind>archive</kind>
         <file>rts430x_lc_ld_eabi.lib</file>
         <name>fltlid.c.obj</name>
      </input_file>
      <input_file id="fl-fa">
         <path>C:\ti\ccs1260\ccs\tools\compiler\ti-cgt-msp430_21.6.1.LTS\lib\</path>
         <kind>archive</kind>
         <file>rts430x_lc_ld_eabi.lib</file>
         <name>mpyd.c.obj</name>
      </input_file>
      <input_file id="fl-fb">
         <path>C:\ti\ccs1260\ccs\tools\compiler\ti-cgt-msp430_21.6.1.LTS\lib\</path>
         <kind>archive</kind>
         <file>rts430x_lc_ld_eabi.lib</file>
         <name>frcmpyd.c.obj</name>
      </input_file>
      <input_file id="fl-fc">
         <path>C:\ti\ccs1260\ccs\tools\compiler\ti-cgt-msp430_21.6.1.LTS\lib\</path>
         <kind>archive</kind>
         <file>rts430x_lc_ld_eabi.lib</file>
         <name>fs_mpy.asm.obj</name>
      </input_file>
      <input_file id="fl-fd">
         <path>C:\ti\ccs1260\ccs\tools\compiler\ti-cgt-msp430_21.6.1.LTS\lib\</path>
         <kind>archive</kind>
         <file>rts430x_lc_ld_eabi.lib</file>
         <name>mult16.asm.obj</name>
      </input_file>
      <input_file id="fl-fe">
         <path>C:\ti\ccs1260\ccs\tools\compiler\ti-cgt-msp430_21.6.1.LTS\lib\</path>
         <kind>archive</kind>
         <file>rts430x_lc_ld_eabi.lib</file>
         <name>mult16_f5hw.asm.obj</name>
      </input_file>
      <input_file id="fl-ff">
         <path>C:\ti\ccs1260\ccs\tools\compiler\ti-cgt-msp430_21.6.1.LTS\lib\</path>
         <kind>archive</kind>
         <file>rts430x_lc_ld_eabi.lib</file>
         <name>mult32.asm.obj</name>
      </input_file>
      <input_file id="fl-100">
         <path>C:\ti\ccs1260\ccs\tools\compiler\ti-cgt-msp430_21.6.1.LTS\lib\</path>
         <kind>archive</kind>
         <file>rts430x_lc_ld_eabi.lib</file>
         <name>mult32_f5hw.asm.obj</name>
      </input_file>
      <input_file id="fl-101">
         <path>C:\ti\ccs1260\ccs\tools\compiler\ti-cgt-msp430_21.6.1.LTS\lib\</path>
         <kind>archive</kind>
         <file>rts430x_lc_ld_eabi.lib</file>
         <name>mult64.asm.obj</name>
      </input_file>
      <input_file id="fl-102">
         <path>C:\ti\ccs1260\ccs\tools\compiler\ti-cgt-msp430_21.6.1.LTS\lib\</path>
         <kind>archive</kind>
         <file>rts430x_lc_ld_eabi.lib</file>
         <name>mult64_f5hw.asm.obj</name>
      </input_file>
      <input_file id="fl-103">
         <path>C:\ti\ccs1260\ccs\tools\compiler\ti-cgt-msp430_21.6.1.LTS\lib\</path>
         <kind>archive</kind>
         <file>rts430x_lc_ld_eabi.lib</file>
         <name>mult1632.asm.obj</name>
      </input_file>
      <input_file id="fl-104">
         <path>C:\ti\ccs1260\ccs\tools\compiler\ti-cgt-msp430_21.6.1.LTS\lib\</path>
         <kind>archive</kind>
         <file>rts430x_lc_ld_eabi.lib</file>
         <name>mult1632_f5hw.asm.obj</name>
      </input_file>
      <input_file id="fl-105">
         <path>C:\ti\ccs1260\ccs\tools\compiler\ti-cgt-msp430_21.6.1.LTS\lib\</path>
         <kind>archive</kind>
         <file>rts430x_lc_ld_eabi.lib</file>
         <name>mult3264.asm.obj</name>
      </input_file>
      <input_file id="fl-106">
         <path>C:\ti\ccs1260\ccs\tools\compiler\ti-cgt-msp430_21.6.1.LTS\lib\</path>
         <kind>archive</kind>
         <file>rts430x_lc_ld_eabi.lib</file>
         <name>mult3264_f5hw.asm.obj</name>
      </input_file>
      <input_file id="fl-107">
         <path>C:\ti\ccs1260\ccs\tools\compiler\ti-cgt-msp430_21.6.1.LTS\lib\</path>
         <kind>archive</kind>
         <file>rts430x_lc_ld_eabi.lib</file>
         <name>negd.c.obj</name>
      </input_file>
      <input_file id="fl-108">
         <path>C:\ti\ccs1260\ccs\tools\compiler\ti-cgt-msp430_21.6.1.LTS\lib\</path>
         <kind>archive</kind>
         <file>rts430x_lc_ld_eabi.lib</file>
         <name>lsl16.asm.obj</name>
      </input_file>
      <input_file id="fl-109">
         <path>C:\ti\ccs1260\ccs\tools\compiler\ti-cgt-msp430_21.6.1.LTS\lib\</path>
         <kind>archive</kind>
         <file>rts430x_lc_ld_eabi.lib</file>
         <name>lsl32.asm.obj</name>
      </input_file>
      <input_file id="fl-10a">
         <path>C:\ti\ccs1260\ccs\tools\compiler\ti-cgt-msp430_21.6.1.LTS\lib\</path>
         <kind>archive</kind>
         <file>rts430x_lc_ld_eabi.lib</file>
         <name>lsl64.c.obj</name>
      </input_file>
      <input_file id="fl-10b">
         <path>C:\ti\ccs1260\ccs\tools\compiler\ti-cgt-msp430_21.6.1.LTS\lib\</path>
         <kind>archive</kind>
         <file>rts430x_lc_ld_eabi.lib</file>
         <name>asr16.asm.obj</name>
      </input_file>
      <input_file id="fl-10c">
         <path>C:\ti\ccs1260\ccs\tools\compiler\ti-cgt-msp430_21.6.1.LTS\lib\</path>
         <kind>archive</kind>
         <file>rts430x_lc_ld_eabi.lib</file>
         <name>asr32.asm.obj</name>
      </input_file>
      <input_file id="fl-10d">
         <path>C:\ti\ccs1260\ccs\tools\compiler\ti-cgt-msp430_21.6.1.LTS\lib\</path>
         <kind>archive</kind>
         <file>rts430x_lc_ld_eabi.lib</file>
         <name>asr64.c.obj</name>
      </input_file>
      <input_file id="fl-10e">
         <path>C:\ti\ccs1260\ccs\tools\compiler\ti-cgt-msp430_21.6.1.LTS\lib\</path>
         <kind>archive</kind>
         <file>rts430x_lc_ld_eabi.lib</file>
         <name>lsr32.asm.obj</name>
      </input_file>
      <input_file id="fl-10f">
         <path>C:\ti\ccs1260\ccs\tools\compiler\ti-cgt-msp430_21.6.1.LTS\lib\</path>
         <kind>archive</kind>
         <file>rts430x_lc_ld_eabi.lib</file>
         <name>lsr64.c.obj</name>
      </input_file>
      <input_file id="fl-110">
         <path>C:\ti\ccs1260\ccs\tools\compiler\ti-cgt-msp430_21.6.1.LTS\lib\</path>
         <kind>archive</kind>
         <file>rts430x_lc_ld_eabi.lib</file>
         <name>fs_add.asm.obj</name>
      </input_file>
      <input_file id="fl-111">
         <path>C:\ti\ccs1260\ccs\tools\compiler\ti-cgt-msp430_21.6.1.LTS\lib\</path>
         <kind>archive</kind>
         <file>rts430x_lc_ld_eabi.lib</file>
         <name>boot.c.obj</name>
      </input_file>
      <input_file id="fl-112">
         <path>C:\ti\ccs1260\ccs\tools\compiler\ti-cgt-msp430_21.6.1.LTS\lib\</path>
         <kind>archive</kind>
         <file>rts430x_lc_ld_eabi.lib</file>
         <name>mpu_init.c.obj</name>
      </input_file>
      <input_file id="fl-113">
         <path>C:\ti\ccs1260\ccs\tools\compiler\ti-cgt-msp430_21.6.1.LTS\lib\</path>
         <kind>archive</kind>
         <file>rts430x_lc_ld_eabi.lib</file>
         <name>args_main.c.obj</name>
      </input_file>
      <input_file id="fl-114">
         <path>C:\ti\ccs1260\ccs\tools\compiler\ti-cgt-msp430_21.6.1.LTS\lib\</path>
         <kind>archive</kind>
         <file>rts430x_lc_ld_eabi.lib</file>
         <name>autoinit.c.obj</name>
      </input_file>
      <input_file id="fl-115">
         <path>C:\ti\ccs1260\ccs\tools\compiler\ti-cgt-msp430_21.6.1.LTS\lib\</path>
         <kind>archive</kind>
         <file>rts430x_lc_ld_eabi.lib</file>
         <name>startup.c.obj</name>
      </input_file>
      <input_file id="fl-116">
         <path>C:\ti\ccs1260\ccs\tools\compiler\ti-cgt-msp430_21.6.1.LTS\lib\</path>
         <kind>archive</kind>
         <file>rts430x_lc_ld_eabi.lib</file>
         <name>pre_init.c.obj</name>
      </input_file>
      <input_file id="fl-117">
         <path>C:\ti\ccs1260\ccs\tools\compiler\ti-cgt-msp430_21.6.1.LTS\lib\</path>
         <kind>archive</kind>
         <file>rts430x_lc_ld_eabi.lib</file>
         <name>cpy_tbl.c.obj</name>
      </input_file>
      <input_file id="fl-118">
         <path>C:\ti\ccs1260\ccs\tools\compiler\ti-cgt-msp430_21.6.1.LTS\lib\</path>
         <kind>archive</kind>
         <file>rts430x_lc_ld_eabi.lib</file>
         <name>exit.c.obj</name>
      </input_file>
      <input_file id="fl-119">
         <path>C:\ti\ccs1260\ccs\tools\compiler\ti-cgt-msp430_21.6.1.LTS\lib\</path>
         <kind>archive</kind>
         <file>rts430x_lc_ld_eabi.lib</file>
         <name>exit_gvars.c.obj</name>
      </input_file>
      <input_file id="fl-11a">
         <path>C:\ti\ccs1260\ccs\tools\compiler\ti-cgt-msp430_21.6.1.LTS\lib\</path>
         <kind>archive</kind>
         <file>rts430x_lc_ld_eabi.lib</file>
         <name>_lock.c.obj</name>
      </input_file>
      <input_file id="fl-11b">
         <path>C:\ti\ccs1260\ccs\tools\compiler\ti-cgt-msp430_21.6.1.LTS\lib\</path>
         <kind>archive</kind>
         <file>rts430x_lc_ld_eabi.lib</file>
         <name>e_exp.c.obj</name>
      </input_file>
      <input_file id="fl-11c">
         <path>C:\ti\ccs1260\ccs\tools\compiler\ti-cgt-msp430_21.6.1.LTS\lib\</path>
         <kind>archive</kind>
         <file>rts430x_lc_ld_eabi.lib</file>
         <name>cmpd.c.obj</name>
      </input_file>
      <input_file id="fl-11d">
         <path>C:\ti\ccs1260\ccs\tools\compiler\ti-cgt-msp430_21.6.1.LTS\lib\</path>
         <kind>archive</kind>
         <file>rts430x_lc_ld_eabi.lib</file>
         <name>fixdi.c.obj</name>
      </input_file>
      <input_file id="fl-11e">
         <path>C:\ti\ccs1260\ccs\tools\compiler\ti-cgt-msp430_21.6.1.LTS\lib\</path>
         <kind>archive</kind>
         <file>rts430x_lc_ld_eabi.lib</file>
         <name>subd.c.obj</name>
      </input_file>
      <input_file id="fl-11f">
         <path>C:\ti\ccs1260\ccs\tools\compiler\ti-cgt-msp430_21.6.1.LTS\lib\</path>
         <kind>archive</kind>
         <file>rts430x_lc_ld_eabi.lib</file>
         <name>errno.c.obj</name>
      </input_file>
      <input_file id="fl-120">
         <path>C:\ti\ccs1260\ccs\tools\compiler\ti-cgt-msp430_21.6.1.LTS\lib\</path>
         <kind>archive</kind>
         <file>rts430x_lc_ld_eabi.lib</file>
         <name>llabs.c.obj</name>
      </input_file>
      <input_file id="fl-121">
         <path>C:\ti\ccs1260\ccs\tools\compiler\ti-cgt-msp430_21.6.1.LTS\lib\</path>
         <kind>archive</kind>
         <file>rts430x_lc_ld_eabi.lib</file>
         <name>memcpy.c.obj</name>
      </input_file>
      <input_file id="fl-122">
         <path>C:\ti\ccs1260\ccs\tools\compiler\ti-cgt-msp430_21.6.1.LTS\lib\</path>
         <kind>archive</kind>
         <file>rts430x_lc_ld_eabi.lib</file>
         <name>memset.c.obj</name>
      </input_file>
      <input_file id="fl-123">
         <path>C:\ti\ccs1260\ccs\tools\compiler\ti-cgt-msp430_21.6.1.LTS\lib\</path>
         <kind>archive</kind>
         <file>rts430x_lc_ld_eabi.lib</file>
         <name>e_pow.c.obj</name>
      </input_file>
      <input_file id="fl-124">
         <path>C:\ti\ccs1260\ccs\tools\compiler\ti-cgt-msp430_21.6.1.LTS\lib\</path>
         <kind>archive</kind>
         <file>rts430x_lc_ld_eabi.lib</file>
         <name>s_round.c.obj</name>
      </input_file>
      <input_file id="fl-125">
         <path>C:\ti\ccs1260\ccs\tools\compiler\ti-cgt-msp430_21.6.1.LTS\lib\</path>
         <kind>archive</kind>
         <file>rts430x_lc_ld_eabi.lib</file>
         <name>s_floor.c.obj</name>
      </input_file>
      <input_file id="fl-126">
         <path>C:\ti\ccs1260\ccs\tools\compiler\ti-cgt-msp430_21.6.1.LTS\lib\</path>
         <kind>archive</kind>
         <file>rts430x_lc_ld_eabi.lib</file>
         <name>s_scalbn.c.obj</name>
      </input_file>
      <input_file id="fl-127">
         <path>C:\ti\ccs1260\ccs\tools\compiler\ti-cgt-msp430_21.6.1.LTS\lib\</path>
         <kind>archive</kind>
         <file>rts430x_lc_ld_eabi.lib</file>
         <name>s_copysign.c.obj</name>
      </input_file>
      <input_file id="fl-128">
         <path>C:\ti\ccs1260\ccs\tools\compiler\ti-cgt-msp430_21.6.1.LTS\lib\</path>
         <kind>archive</kind>
         <file>rts430x_lc_ld_eabi.lib</file>
         <name>snprintf.c.obj</name>
      </input_file>
      <input_file id="fl-129">
         <path>C:\ti\ccs1260\ccs\tools\compiler\ti-cgt-msp430_21.6.1.LTS\lib\</path>
         <kind>archive</kind>
         <file>rts430x_lc_ld_eabi.lib</file>
         <name>_printfi.c.obj</name>
      </input_file>
      <input_file id="fl-12a">
         <path>C:\ti\ccs1260\ccs\tools\compiler\ti-cgt-msp430_21.6.1.LTS\lib\</path>
         <kind>archive</kind>
         <file>rts430x_lc_ld_eabi.lib</file>
         <name>_ltoa.c.obj</name>
      </input_file>
      <input_file id="fl-12b">
         <path>C:\ti\ccs1260\ccs\tools\compiler\ti-cgt-msp430_21.6.1.LTS\lib\</path>
         <kind>archive</kind>
         <file>rts430x_lc_ld_eabi.lib</file>
         <name>abs.c.obj</name>
      </input_file>
      <input_file id="fl-12c">
         <path>C:\ti\ccs1260\ccs\tools\compiler\ti-cgt-msp430_21.6.1.LTS\lib\</path>
         <kind>archive</kind>
         <file>rts430x_lc_ld_eabi.lib</file>
         <name>atoi.c.obj</name>
      </input_file>
      <input_file id="fl-12d">
         <path>C:\ti\ccs1260\ccs\tools\compiler\ti-cgt-msp430_21.6.1.LTS\lib\</path>
         <kind>archive</kind>
         <file>rts430x_lc_ld_eabi.lib</file>
         <name>ctype.c.obj</name>
      </input_file>
      <input_file id="fl-12e">
         <path>C:\ti\ccs1260\ccs\tools\compiler\ti-cgt-msp430_21.6.1.LTS\lib\</path>
         <kind>archive</kind>
         <file>rts430x_lc_ld_eabi.lib</file>
         <name>s_frexp.c.obj</name>
      </input_file>
      <input_file id="fl-12f">
         <path>C:\ti\ccs1260\ccs\tools\compiler\ti-cgt-msp430_21.6.1.LTS\lib\</path>
         <kind>archive</kind>
         <file>rts430x_lc_ld_eabi.lib</file>
         <name>memccpy.c.obj</name>
      </input_file>
      <input_file id="fl-130">
         <path>C:\ti\ccs1260\ccs\tools\compiler\ti-cgt-msp430_21.6.1.LTS\lib\</path>
         <kind>archive</kind>
         <file>rts430x_lc_ld_eabi.lib</file>
         <name>sprintf.c.obj</name>
      </input_file>
      <input_file id="fl-131">
         <path>C:\ti\ccs1260\ccs\tools\compiler\ti-cgt-msp430_21.6.1.LTS\lib\</path>
         <kind>archive</kind>
         <file>rts430x_lc_ld_eabi.lib</file>
         <name>e_sqrt.c.obj</name>
      </input_file>
      <input_file id="fl-132">
         <path>C:\ti\ccs1260\ccs\tools\compiler\ti-cgt-msp430_21.6.1.LTS\lib\</path>
         <kind>archive</kind>
         <file>rts430x_lc_ld_eabi.lib</file>
         <name>strchr.c.obj</name>
      </input_file>
      <input_file id="fl-133">
         <path>C:\ti\ccs1260\ccs\tools\compiler\ti-cgt-msp430_21.6.1.LTS\lib\</path>
         <kind>archive</kind>
         <file>rts430x_lc_ld_eabi.lib</file>
         <name>strcpy.c.obj</name>
      </input_file>
      <input_file id="fl-134">
         <path>C:\ti\ccs1260\ccs\tools\compiler\ti-cgt-msp430_21.6.1.LTS\lib\</path>
         <kind>archive</kind>
         <file>rts430x_lc_ld_eabi.lib</file>
         <name>strlen.c.obj</name>
      </input_file>
      <input_file id="fl-135">
         <path>C:\ti\ccs1260\ccs\tools\compiler\ti-cgt-msp430_21.6.1.LTS\lib\</path>
         <kind>archive</kind>
         <file>rts430x_lc_ld_eabi.lib</file>
         <name>toupper.c.obj</name>
      </input_file>
      <input_file id="fl-136">
         <path>C:\ti\ccs1260\ccs\tools\compiler\ti-cgt-msp430_21.6.1.LTS\lib\</path>
         <kind>archive</kind>
         <file>rts430x_lc_ld_eabi.lib</file>
         <name>wcslen.c.obj</name>
      </input_file>
   </input_file_list>
   <object_component_list>
      <object_component id="oc-801">
         <name>.TI.persistent:MODEL_ARRAY_TEMP</name>
         <load_address>0x19c40</load_address>
         <run_address>0x19c40</run_address>
         <size>0x9c40</size>
         <input_file_ref idref="fl-9c"/>
      </object_component>
      <object_component id="oc-8d5">
         <name>.TI.persistent:conv3_weight</name>
         <load_address>0x23880</load_address>
         <run_address>0x23880</run_address>
         <size>0x9000</size>
         <input_file_ref idref="fl-a2"/>
      </object_component>
      <object_component id="oc-923">
         <name>.TI.persistent:fc_weight</name>
         <load_address>0x2c880</load_address>
         <run_address>0x2c880</run_address>
         <size>0x5000</size>
         <input_file_ref idref="fl-9d"/>
      </object_component>
      <object_component id="oc-8db">
         <name>.TI.persistent:conv2_weight</name>
         <load_address>0x31880</load_address>
         <run_address>0x31880</run_address>
         <size>0x2400</size>
         <input_file_ref idref="fl-a2"/>
      </object_component>
      <object_component id="oc-7d4">
         <name>.TI.persistent:input_buffer</name>
         <load_address>0x33c80</load_address>
         <run_address>0x33c80</run_address>
         <size>0x1800</size>
         <input_file_ref idref="fl-2"/>
      </object_component>
      <object_component id="oc-a83">
         <name>.TI.persistent:FILTER_BUFFER</name>
         <load_address>0x35480</load_address>
         <run_address>0x35480</run_address>
         <size>0x1000</size>
         <input_file_ref idref="fl-9e"/>
      </object_component>
      <object_component id="oc-b44">
         <name>.TI.persistent:PADDING_BUFFER</name>
         <load_address>0x36480</load_address>
         <run_address>0x36480</run_address>
         <size>0x1000</size>
         <input_file_ref idref="fl-9e"/>
      </object_component>
      <object_component id="oc-8e1">
         <name>.TI.persistent:conv1_weight</name>
         <load_address>0x37480</load_address>
         <run_address>0x37480</run_address>
         <size>0x360</size>
         <input_file_ref idref="fl-a2"/>
      </object_component>
      <object_component id="oc-a03">
         <name>.TI.persistent:se3_fc1_weight</name>
         <load_address>0x377e0</load_address>
         <run_address>0x377e0</run_address>
         <size>0x200</size>
         <input_file_ref idref="fl-9d"/>
      </object_component>
      <object_component id="oc-a23">
         <name>.TI.persistent:se3_fc2_weight</name>
         <load_address>0x379e0</load_address>
         <run_address>0x379e0</run_address>
         <size>0x200</size>
         <input_file_ref idref="fl-9d"/>
      </object_component>
      <object_component id="oc-7cb">
         <name>.TI.persistent:MODEL_BLOCK_TEMP</name>
         <load_address>0x37be0</load_address>
         <run_address>0x37be0</run_address>
         <size>0xc8</size>
         <input_file_ref idref="fl-2"/>
      </object_component>
      <object_component id="oc-8d8">
         <name>.TI.persistent:conv3_bias</name>
         <load_address>0x37ca8</load_address>
         <run_address>0x37ca8</run_address>
         <size>0x80</size>
         <input_file_ref idref="fl-a2"/>
      </object_component>
      <object_component id="oc-a09">
         <name>.TI.persistent:se2_fc1_weight</name>
         <load_address>0x37d28</load_address>
         <run_address>0x37d28</run_address>
         <size>0x80</size>
         <input_file_ref idref="fl-9d"/>
      </object_component>
      <object_component id="oc-a29">
         <name>.TI.persistent:se2_fc2_weight</name>
         <load_address>0x37da8</load_address>
         <run_address>0x37da8</run_address>
         <size>0x80</size>
         <input_file_ref idref="fl-9d"/>
      </object_component>
      <object_component id="oc-8de">
         <name>.TI.persistent:conv2_bias</name>
         <load_address>0x37e28</load_address>
         <run_address>0x37e28</run_address>
         <size>0x40</size>
         <input_file_ref idref="fl-a2"/>
      </object_component>
      <object_component id="oc-7da">
         <name>.TI.persistent:output_buffer</name>
         <load_address>0x37e68</load_address>
         <run_address>0x37e68</run_address>
         <size>0x28</size>
         <input_file_ref idref="fl-2"/>
      </object_component>
      <object_component id="oc-8e4">
         <name>.TI.persistent:conv1_bias</name>
         <load_address>0x37e90</load_address>
         <run_address>0x37e90</run_address>
         <size>0x20</size>
         <input_file_ref idref="fl-a2"/>
      </object_component>
      <object_component id="oc-a0f">
         <name>.TI.persistent:se1_fc1_weight</name>
         <load_address>0x37eb0</load_address>
         <run_address>0x37eb0</run_address>
         <size>0x20</size>
         <input_file_ref idref="fl-9d"/>
      </object_component>
      <object_component id="oc-a1d">
         <name>.TI.persistent:se1_fc2_weight</name>
         <load_address>0x37ed0</load_address>
         <run_address>0x37ed0</run_address>
         <size>0x20</size>
         <input_file_ref idref="fl-9d"/>
      </object_component>
      <object_component id="oc-7dd">
         <name>.TI.persistent:conv1Params</name>
         <load_address>0x37ef0</load_address>
         <run_address>0x37ef0</run_address>
         <size>0x18</size>
         <input_file_ref idref="fl-a2"/>
      </object_component>
      <object_component id="oc-7f5">
         <name>.TI.persistent:conv2Params</name>
         <load_address>0x37f08</load_address>
         <run_address>0x37f08</run_address>
         <size>0x18</size>
         <input_file_ref idref="fl-a2"/>
      </object_component>
      <object_component id="oc-7fb">
         <name>.TI.persistent:conv3Params</name>
         <load_address>0x37f20</load_address>
         <run_address>0x37f20</run_address>
         <size>0x18</size>
         <input_file_ref idref="fl-a2"/>
      </object_component>
      <object_component id="oc-7ce">
         <name>.TI.persistent:SE_FC</name>
         <load_address>0x37f38</load_address>
         <run_address>0x37f38</run_address>
         <size>0x14</size>
         <input_file_ref idref="fl-2"/>
      </object_component>
      <object_component id="oc-92b">
         <name>.TI.persistent:fc_bias</name>
         <load_address>0x37f4c</load_address>
         <run_address>0x37f4c</run_address>
         <size>0x14</size>
         <input_file_ref idref="fl-9d"/>
      </object_component>
      <object_component id="oc-7e0">
         <name>.TI.persistent:conv1scale</name>
         <load_address>0x37f60</load_address>
         <run_address>0x37f60</run_address>
         <size>0xa</size>
         <input_file_ref idref="fl-a2"/>
      </object_component>
      <object_component id="oc-7f8">
         <name>.TI.persistent:conv2scale</name>
         <load_address>0x37f6a</load_address>
         <run_address>0x37f6a</run_address>
         <size>0xa</size>
         <input_file_ref idref="fl-a2"/>
      </object_component>
      <object_component id="oc-7fe">
         <name>.TI.persistent:conv3scale</name>
         <load_address>0x37f74</load_address>
         <run_address>0x37f74</run_address>
         <size>0xa</size>
         <input_file_ref idref="fl-a2"/>
      </object_component>
      <object_component id="oc-c91">
         <name>.cinit..data.load</name>
         <load_address>0x40b4</load_address>
         <run_address>0x40b4</run_address>
         <size>0xb6</size>
      </object_component>
      <object_component id="oc-c8e">
         <name>__TI_handler_table</name>
         <load_address>0x416a</load_address>
         <run_address>0x416a</run_address>
         <size>0xc</size>
      </object_component>
      <object_component id="oc-c90">
         <name>.cinit..bss.load</name>
         <load_address>0x4176</load_address>
         <run_address>0x4176</run_address>
         <size>0x6</size>
      </object_component>
      <object_component id="oc-c92">
         <name>.cinit..leaRAM.load</name>
         <load_address>0x417c</load_address>
         <run_address>0x417c</run_address>
         <size>0x6</size>
      </object_component>
      <object_component id="oc-c8f">
         <name>__TI_cinit_table</name>
         <load_address>0x4182</load_address>
         <run_address>0x4182</run_address>
         <size>0x18</size>
      </object_component>
      <object_component id="oc-c1b">
         <name>.binit</name>
         <load_address>0x4000</load_address>
         <run_address>0x4000</run_address>
         <size>0x0</size>
      </object_component>
      <object_component id="oc-708">
         <name>.text:_isr:_c_int00_noargs</name>
         <load_address>0x4000</load_address>
         <run_address>0x4000</run_address>
         <size>0x1c</size>
         <input_file_ref idref="fl-111"/>
      </object_component>
      <object_component id="oc-6df">
         <name>.text:_isr:msp_lea_isr</name>
         <load_address>0x401c</load_address>
         <run_address>0x401c</run_address>
         <size>0x1c</size>
         <input_file_ref idref="fl-f"/>
      </object_component>
      <object_component id="oc-6ea">
         <name>.text:_isr:v4RunTimeStatsTimerOverflow</name>
         <load_address>0x4038</load_address>
         <run_address>0x4038</run_address>
         <size>0x14</size>
         <input_file_ref idref="fl-2"/>
      </object_component>
      <object_component id="oc-6f0">
         <name>.text:_isr:vTickISREntry</name>
         <load_address>0x404c</load_address>
         <run_address>0x404c</run_address>
         <size>0x10</size>
         <input_file_ref idref="fl-74"/>
      </object_component>
      <object_component id="oc-6e5">
         <name>.text:_isr:__TI_ISR_TRAP</name>
         <load_address>0x405c</load_address>
         <run_address>0x405c</run_address>
         <size>0x8</size>
         <input_file_ref idref="fl-c8"/>
      </object_component>
      <object_component id="oc-a7c">
         <name>.const:GPIO_PORT_TO_BASE</name>
         <load_address>0x4064</load_address>
         <run_address>0x4064</run_address>
         <size>0x1c</size>
         <input_file_ref idref="fl-85"/>
      </object_component>
      <object_component id="oc-b85">
         <name>.const:halF</name>
         <load_address>0x4080</load_address>
         <run_address>0x4080</run_address>
         <size>0x10</size>
         <input_file_ref idref="fl-11b"/>
      </object_component>
      <object_component id="oc-b8e">
         <name>.const:ln2HI</name>
         <load_address>0x4090</load_address>
         <run_address>0x4090</run_address>
         <size>0x10</size>
         <input_file_ref idref="fl-11b"/>
      </object_component>
      <object_component id="oc-b91">
         <name>.const:ln2LO</name>
         <load_address>0x40a0</load_address>
         <run_address>0x40a0</run_address>
         <size>0x10</size>
         <input_file_ref idref="fl-11b"/>
      </object_component>
      <object_component id="oc-b58">
         <name>.const</name>
         <load_address>0x40b0</load_address>
         <run_address>0x40b0</run_address>
         <size>0x4</size>
         <input_file_ref idref="fl-a1"/>
      </object_component>
      <object_component id="oc-b04">
         <name>.text:__mspabi_addd</name>
         <load_address>0x37f7e</load_address>
         <run_address>0x37f7e</run_address>
         <size>0x72a</size>
         <input_file_ref idref="fl-eb"/>
      </object_component>
      <object_component id="oc-afe">
         <name>.text:exp</name>
         <load_address>0x386a8</load_address>
         <run_address>0x386a8</run_address>
         <size>0x528</size>
         <input_file_ref idref="fl-11b"/>
      </object_component>
      <object_component id="oc-ba8">
         <name>.text:__TI_frcdivd</name>
         <load_address>0x38bd0</load_address>
         <run_address>0x38bd0</run_address>
         <size>0x468</size>
         <input_file_ref idref="fl-ee"/>
      </object_component>
      <object_component id="oc-9d1">
         <name>.text:filters_sum</name>
         <load_address>0x39038</load_address>
         <run_address>0x39038</run_address>
         <size>0x2ea</size>
         <input_file_ref idref="fl-9e"/>
      </object_component>
      <object_component id="oc-af2">
         <name>.text:__mspabi_mpyd</name>
         <load_address>0x39322</load_address>
         <run_address>0x39322</run_address>
         <size>0x292</size>
         <input_file_ref idref="fl-fa"/>
      </object_component>
      <object_component id="oc-b0a">
         <name>.text:__mspabi_divd</name>
         <load_address>0x395b4</load_address>
         <run_address>0x395b4</run_address>
         <size>0x21c</size>
         <input_file_ref idref="fl-ed"/>
      </object_component>
      <object_component id="oc-7af">
         <name>.text:xTaskIncrementTick</name>
         <load_address>0x397d0</load_address>
         <run_address>0x397d0</run_address>
         <size>0x1d8</size>
         <input_file_ref idref="fl-72"/>
      </object_component>
      <object_component id="oc-b4b">
         <name>.text:msp_matrix_mpy_q15</name>
         <load_address>0x399a8</load_address>
         <run_address>0x399a8</run_address>
         <size>0x1ce</size>
         <input_file_ref idref="fl-16"/>
      </object_component>
      <object_component id="oc-7e3">
         <name>.text:conv</name>
         <load_address>0x39b76</load_address>
         <run_address>0x39b76</run_address>
         <size>0x1ca</size>
         <input_file_ref idref="fl-9c"/>
      </object_component>
      <object_component id="oc-a8c">
         <name>.text:filter_im2col</name>
         <load_address>0x39d40</load_address>
         <run_address>0x39d40</run_address>
         <size>0x1c4</size>
         <input_file_ref idref="fl-a1"/>
      </object_component>
      <object_component id="oc-bb0">
         <name>.text:floor</name>
         <load_address>0x39f04</load_address>
         <run_address>0x39f04</run_address>
         <size>0x1c4</size>
         <input_file_ref idref="fl-125"/>
      </object_component>
      <object_component id="oc-8fb">
         <name>.text:global_avg_pool</name>
         <load_address>0x3a0c8</load_address>
         <run_address>0x3a0c8</run_address>
         <size>0x1b4</size>
         <input_file_ref idref="fl-9a"/>
      </object_component>
      <object_component id="oc-907">
         <name>.text:se1_fc2</name>
         <load_address>0x3a27c</load_address>
         <run_address>0x3a27c</run_address>
         <size>0x18a</size>
         <input_file_ref idref="fl-9d"/>
      </object_component>
      <object_component id="oc-a38">
         <name>.text:maxpooling_with_importance</name>
         <load_address>0x3a406</load_address>
         <run_address>0x3a406</run_address>
         <size>0x166</size>
         <input_file_ref idref="fl-9e"/>
      </object_component>
      <object_component id="oc-b6e">
         <name>.text:__TI_frcmpyd</name>
         <load_address>0x3a56c</load_address>
         <run_address>0x3a56c</run_address>
         <size>0x164</size>
         <input_file_ref idref="fl-fb"/>
      </object_component>
      <object_component id="oc-a2f">
         <name>.text:sigmoid</name>
         <load_address>0x3a6d0</load_address>
         <run_address>0x3a6d0</run_address>
         <size>0x164</size>
         <input_file_ref idref="fl-9d"/>
      </object_component>
      <object_component id="oc-765">
         <name>.text:main</name>
         <load_address>0x3a834</load_address>
         <run_address>0x3a834</run_address>
         <size>0x15c</size>
         <input_file_ref idref="fl-2"/>
      </object_component>
      <object_component id="oc-8ed">
         <name>.text:conv2d</name>
         <load_address>0x3a990</load_address>
         <run_address>0x3a990</run_address>
         <size>0x152</size>
         <input_file_ref idref="fl-9e"/>
      </object_component>
      <object_component id="oc-901">
         <name>.text:se1_fc1</name>
         <load_address>0x3aae2</load_address>
         <run_address>0x3aae2</run_address>
         <size>0x14c</size>
         <input_file_ref idref="fl-9d"/>
      </object_component>
      <object_component id="oc-992">
         <name>.text:CS_setDCOFreq</name>
         <load_address>0x3ac2e</load_address>
         <run_address>0x3ac2e</run_address>
         <size>0x140</size>
         <input_file_ref idref="fl-7c"/>
      </object_component>
      <object_component id="oc-7b5">
         <name>.text:vTaskSwitchContext</name>
         <load_address>0x3ad6e</load_address>
         <run_address>0x3ad6e</run_address>
         <size>0x132</size>
         <input_file_ref idref="fl-72"/>
      </object_component>
      <object_component id="oc-b10">
         <name>.text:round</name>
         <load_address>0x3aea0</load_address>
         <run_address>0x3aea0</run_address>
         <size>0x106</size>
         <input_file_ref idref="fl-124"/>
      </object_component>
      <object_component id="oc-807">
         <name>.text:dense_koo</name>
         <load_address>0x3afa6</load_address>
         <run_address>0x3afa6</run_address>
         <size>0xfc</size>
         <input_file_ref idref="fl-9d"/>
      </object_component>
      <object_component id="oc-a86">
         <name>.text:padding_same</name>
         <load_address>0x3b0a2</load_address>
         <run_address>0x3b0a2</run_address>
         <size>0xfc</size>
         <input_file_ref idref="fl-9e"/>
      </object_component>
      <object_component id="oc-b7c">
         <name>.text:__mspabi_cmpd</name>
         <load_address>0x3b19e</load_address>
         <run_address>0x3b19e</run_address>
         <size>0xd8</size>
         <input_file_ref idref="fl-11c"/>
      </object_component>
      <object_component id="oc-7c5">
[...]
      <symbol id="sm-bcd">
         <name>__TI_int20</name>
         <value>0xffb8</value>
         <object_component_ref idref="oc-94"/>
      </symbol>
      <symbol id="sm-bd0">
         <name>__TI_int21</name>
         <value>0xffba</value>
         <object_component_ref idref="oc-95"/>
      </symbol>
      <symbol id="sm-bd3">
         <name>__TI_int22</name>
         <value>0xffbc</value>
         <object_component_ref idref="oc-96"/>
      </symbol>
      <symbol id="sm-bd6">
         <name>__TI_int23</name>
         <value>0xffbe</value>
         <object_component_ref idref="oc-97"/>
      </symbol>
      <symbol id="sm-bd9">
         <name>__TI_int24</name>
         <value>0xffc0</value>
         <object_component_ref idref="oc-98"/>
      </symbol>
      <symbol id="sm-bdc">
         <name>__TI_int25</name>
         <value>0xffc2</value>
         <object_component_ref idref="oc-99"/>
      </symbol>
      <symbol id="sm-bdf">
         <name>__TI_int26</name>
         <value>0xffc4</value>
         <object_component_ref idref="oc-9a"/>
      </symbol>
      <symbol id="sm-be2">
         <name>__TI_int27</name>
         <value>0xffc6</value>
         <object_component_ref idref="oc-9b"/>
      </symbol>
      <symbol id="sm-be5">
         <name>__TI_int28</name>
         <value>0xffc8</value>
         <object_component_ref idref="oc-9c"/>
      </symbol>
      <symbol id="sm-be8">
         <name>__TI_int29</name>
         <value>0xffca</value>
         <object_component_ref idref="oc-9d"/>
      </symbol>
      <symbol id="sm-beb">
         <name>__TI_int30</name>
         <value>0xffcc</value>
         <object_component_ref idref="oc-9e"/>
      </symbol>
      <symbol id="sm-bee">
         <name>__TI_int31</name>
         <value>0xffce</value>
         <object_component_ref idref="oc-9f"/>
      </symbol>
      <symbol id="sm-bf1">
         <name>__TI_int32</name>
         <value>0xffd0</value>
         <object_component_ref idref="oc-a0"/>
      </symbol>
      <symbol id="sm-bf4">
         <name>__TI_int33</name>
         <value>0xffd2</value>
         <object_component_ref idref="oc-a1"/>
      </symbol>
      <symbol id="sm-bf7">
         <name>__TI_int34</name>
         <value>0xffd4</value>
         <object_component_ref idref="oc-a2"/>
      </symbol>
      <symbol id="sm-bfa">
         <name>__TI_int35</name>
         <value>0xffd6</value>
         <object_component_ref idref="oc-a3"/>
      </symbol>
      <symbol id="sm-bfd">
         <name>__TI_int36</name>
         <value>0xffd8</value>
         <object_component_ref idref="oc-a4"/>
      </symbol>
      <symbol id="sm-c00">
         <name>__TI_int37</name>
         <value>0xffda</value>
         <object_component_ref idref="oc-a5"/>
      </symbol>
      <symbol id="sm-c03">
         <name>__TI_int38</name>
         <value>0xffdc</value>
         <object_component_ref idref="oc-a6"/>
      </symbol>
      <symbol id="sm-c06">
         <name>__TI_int39</name>
         <value>0xffde</value>
         <object_component_ref idref="oc-a7"/>
      </symbol>
      <symbol id="sm-c09">
         <name>__TI_int41</name>
         <value>0xffe2</value>
         <object_component_ref idref="oc-a9"/>
      </symbol>
      <symbol id="sm-c0c">
         <name>__TI_int42</name>
         <value>0xffe4</value>
         <object_component_ref idref="oc-aa"/>
      </symbol>
      <symbol id="sm-c0f">
         <name>__TI_int43</name>
         <value>0xffe6</value>
         <object_component_ref idref="oc-ab"/>
      </symbol>
      <symbol id="sm-c12">
         <name>__TI_int44</name>
         <value>0xffe8</value>
         <object_component_ref idref="oc-ac"/>
      </symbol>
      <symbol id="sm-c15">
         <name>__TI_int46</name>
         <value>0xffec</value>
         <object_component_ref idref="oc-ae"/>
      </symbol>
      <symbol id="sm-c18">
         <name>__TI_int47</name>
         <value>0xffee</value>
         <object_component_ref idref="oc-af"/>
      </symbol>
      <symbol id="sm-c1b">
         <name>__TI_int48</name>
         <value>0xfff0</value>
         <object_component_ref idref="oc-b0"/>
      </symbol>
      <symbol id="sm-c1e">
         <name>__TI_int49</name>
         <value>0xfff2</value>
         <object_component_ref idref="oc-b1"/>
      </symbol>
      <symbol id="sm-c21">
         <name>__TI_int50</name>
         <value>0xfff4</value>
         <object_component_ref idref="oc-b2"/>
      </symbol>
      <symbol id="sm-c24">
         <name>__TI_int51</name>
         <value>0xfff6</value>
         <object_component_ref idref="oc-b3"/>
      </symbol>
      <symbol id="sm-c27">
         <name>__TI_int52</name>
         <value>0xfff8</value>
         <object_component_ref idref="oc-b4"/>
      </symbol>
      <symbol id="sm-c2a">
         <name>__TI_int53</name>
         <value>0xfffa</value>
         <object_component_ref idref="oc-b5"/>
      </symbol>
      <symbol id="sm-c2d">
         <name>__TI_int54</name>
         <value>0xfffc</value>
         <object_component_ref idref="oc-b6"/>
      </symbol>
      <symbol id="sm-c40">
         <name>__TI_zero_init</name>
         <value>0x3bfa4</value>
         <object_component_ref idref="oc-6fc"/>
      </symbol>
      <symbol id="sm-c7a">
         <name>__mspabi_addd</name>
         <value>0x37f7e</value>
         <object_component_ref idref="oc-b04"/>
      </symbol>
      <symbol id="sm-ca1">
         <name>__mspabi_divd</name>
         <value>0x395b4</value>
         <object_component_ref idref="oc-b0a"/>
      </symbol>
      <symbol id="sm-cbc">
         <name>__TI_frcdivd</name>
         <value>0x38bd0</value>
         <object_component_ref idref="oc-ba8"/>
      </symbol>
      <symbol id="sm-cc9">
         <name>__mspabi_remli</name>
         <value>0x3bcd2</value>
         <object_component_ref idref="oc-9ef"/>
      </symbol>
      <symbol id="sm-cca">
         <name>__mspabi_divli</name>
         <value>0x3bcd2</value>
         <object_component_ref idref="oc-9ef"/>
      </symbol>
      <symbol id="sm-cd5">
         <name>__mspabi_remu</name>
         <value>0x3c056</value>
         <object_component_ref idref="oc-8d0"/>
      </symbol>
      <symbol id="sm-cd6">
         <name>__mspabi_divu</name>
         <value>0x3c056</value>
         <object_component_ref idref="oc-8d0"/>
      </symbol>
      <symbol id="sm-ce4">
         <name>__mspabi_remul</name>
         <value>0x3bbaa</value>
         <object_component_ref idref="oc-ac1"/>
      </symbol>
      <symbol id="sm-ce5">
         <name>__mspabi_divul</name>
         <value>0x3bbaa</value>
         <object_component_ref idref="oc-ac1"/>
      </symbol>
      <symbol id="sm-cf5">
         <name>__mspabi_fixdli</name>
         <value>0x3ba88</value>
         <object_component_ref idref="oc-b16"/>
      </symbol>
      <symbol id="sm-cff">
         <name>__mspabi_fltid</name>
         <value>0x3c098</value>
         <object_component_ref idref="oc-aec"/>
      </symbol>
      <symbol id="sm-d18">
         <name>__mspabi_fltlid</name>
         <value>0x3b60c</value>
         <object_component_ref idref="oc-b67"/>
      </symbol>
      <symbol id="sm-d3d">
         <name>__mspabi_mpyd</name>
         <value>0x39322</value>
         <object_component_ref idref="oc-af2"/>
      </symbol>
      <symbol id="sm-d48">
         <name>__TI_frcmpyd</name>
         <value>0x3a56c</value>
         <object_component_ref idref="oc-b6e"/>
      </symbol>
      <symbol id="sm-d52">
         <name>__mspabi_mpyi_f5hw</name>
         <value>0x3c028</value>
         <object_component_ref idref="oc-890"/>
      </symbol>
      <symbol id="sm-d5b">
         <name>__mspabi_mpyl_f5hw</name>
         <value>0x3bfc8</value>
         <object_component_ref idref="oc-92e"/>
      </symbol>
      <symbol id="sm-d64">
         <name>__mspabi_mpyll_f5hw</name>
         <value>0x3bb4e</value>
         <object_component_ref idref="oc-a98"/>
      </symbol>
      <symbol id="sm-d6d">
         <name>__mspabi_mpysl_f5hw</name>
         <value>0x3c00c</value>
         <object_component_ref idref="oc-926"/>
      </symbol>
      <symbol id="sm-d76">
         <name>__mspabi_mpyull_f5hw</name>
         <value>0x3bedc</value>
         <object_component_ref idref="oc-bdc"/>
      </symbol>
      <symbol id="sm-d7f">
         <name>__mspabi_negd</name>
         <value>0x3beae</value>
         <object_component_ref idref="oc-af8"/>
      </symbol>
      <symbol id="sm-d88">
         <name>__mspabi_slli</name>
         <value>0x3c0a4</value>
         <object_component_ref idref="oc-a12"/>
      </symbol>
      <symbol id="sm-d90">
         <name>__mspabi_slll_9</name>
         <value>0x3bd68</value>
         <object_component_ref idref="oc-bb8"/>
      </symbol>
      <symbol id="sm-d91">
         <name>__mspabi_slll_8</name>
         <value>0x3bd6c</value>
         <object_component_ref idref="oc-bb8"/>
      </symbol>
      <symbol id="sm-d92">
         <name>__mspabi_slll_7</name>
         <value>0x3bd70</value>
         <object_component_ref idref="oc-bb8"/>
      </symbol>
      <symbol id="sm-d93">
         <name>__mspabi_slll_6</name>
         <value>0x3bd74</value>
         <object_component_ref idref="oc-bb8"/>
      </symbol>
      <symbol id="sm-d94">
         <name>__mspabi_slll_5</name>
         <value>0x3bd78</value>
         <object_component_ref idref="oc-bb8"/>
      </symbol>
      <symbol id="sm-d95">
         <name>__mspabi_slll_4</name>
         <value>0x3bd7c</value>
         <object_component_ref idref="oc-bb8"/>
      </symbol>
      <symbol id="sm-d96">
         <name>__mspabi_slll_3</name>
         <value>0x3bd80</value>
         <object_component_ref idref="oc-bb8"/>
      </symbol>
      <symbol id="sm-d97">
         <name>__mspabi_slll_2</name>
         <value>0x3bd84</value>
         <object_component_ref idref="oc-bb8"/>
      </symbol>
      <symbol id="sm-d98">
         <name>__mspabi_slll_1</name>
         <value>0x3bd88</value>
         <object_component_ref idref="oc-bb8"/>
      </symbol>
      <symbol id="sm-d99">
         <name>__mspabi_slll_15</name>
         <value>0x3bd50</value>
         <object_component_ref idref="oc-bb8"/>
      </symbol>
      <symbol id="sm-d9a">
         <name>__mspabi_slll_14</name>
         <value>0x3bd54</value>
         <object_component_ref idref="oc-bb8"/>
      </symbol>
      <symbol id="sm-d9b">
         <name>__mspabi_slll_13</name>
         <value>0x3bd58</value>
         <object_component_ref idref="oc-bb8"/>
      </symbol>
      <symbol id="sm-d9c">
         <name>__mspabi_slll_12</name>
         <value>0x3bd5c</value>
         <object_component_ref idref="oc-bb8"/>
      </symbol>
      <symbol id="sm-d9d">
         <name>__mspabi_slll_11</name>
         <value>0x3bd60</value>
         <object_component_ref idref="oc-bb8"/>
      </symbol>
      <symbol id="sm-d9e">
         <name>__mspabi_slll_10</name>
         <value>0x3bd64</value>
         <object_component_ref idref="oc-bb8"/>
      </symbol>
      <symbol id="sm-dab">
         <name>__mspabi_sllll</name>
         <value>0x3be08</value>
         <object_component_ref idref="oc-ba0"/>
      </symbol>
      <symbol id="sm-dbc">
         <name>__mspabi_sral</name>
         <value>0x3c06c</value>
         <object_component_ref idref="oc-9f4"/>
      </symbol>
      <symbol id="sm-dbd">
         <name>__mspabi_sral_15</name>
         <value>0x3bd12</value>
         <object_component_ref idref="oc-933"/>
      </symbol>
      <symbol id="sm-dbe">
         <name>__mspabi_sral_14</name>
         <value>0x3bd16</value>
         <object_component_ref idref="oc-933"/>
      </symbol>
      <symbol id="sm-dbf">
         <name>__mspabi_sral_13</name>
         <value>0x3bd1a</value>
         <object_component_ref idref="oc-933"/>
      </symbol>
      <symbol id="sm-dc0">
         <name>__mspabi_sral_12</name>
         <value>0x3bd1e</value>
         <object_component_ref idref="oc-933"/>
      </symbol>
      <symbol id="sm-dc1">
         <name>__mspabi_sral_11</name>
         <value>0x3bd22</value>
         <object_component_ref idref="oc-933"/>
      </symbol>
      <symbol id="sm-dc2">
         <name>__mspabi_sral_10</name>
         <value>0x3bd26</value>
         <object_component_ref idref="oc-933"/>
      </symbol>
      <symbol id="sm-dc3">
         <name>__mspabi_sral_8</name>
         <value>0x3bd2e</value>
         <object_component_ref idref="oc-933"/>
      </symbol>
      <symbol id="sm-dc4">
         <name>__mspabi_sral_9</name>
         <value>0x3bd2a</value>
         <object_component_ref idref="oc-933"/>
      </symbol>
      <symbol id="sm-dc5">
         <name>__mspabi_sral_6</name>
         <value>0x3bd36</value>
         <object_component_ref idref="oc-933"/>
      </symbol>
      <symbol id="sm-dc6">
         <name>__mspabi_sral_7</name>
         <value>0x3bd32</value>
         <object_component_ref idref="oc-933"/>
      </symbol>
      <symbol id="sm-dc7">
         <name>__mspabi_sral_4</name>
         <value>0x3bd3e</value>
         <object_component_ref idref="oc-933"/>
      </symbol>
      <symbol id="sm-dc8">
         <name>__mspabi_sral_5</name>
         <value>0x3bd3a</value>
         <object_component_ref idref="oc-933"/>
      </symbol>
      <symbol id="sm-dc9">
         <name>__mspabi_sral_2</name>
         <value>0x3bd46</value>
         <object_component_ref idref="oc-933"/>
      </symbol>
      <symbol id="sm-dca">
         <name>__mspabi_sral_3</name>
         <value>0x3bd42</value>
         <object_component_ref idref="oc-933"/>
      </symbol>
      <symbol id="sm-dcb">
         <name>__mspabi_sral_1</name>
         <value>0x3bd4a</value>
         <object_component_ref idref="oc-933"/>
      </symbol>
      <symbol id="sm-dd8">
         <name>__mspabi_srall</name>
         <value>0x3bc92</value>
         <object_component_ref idref="oc-a9d"/>
      </symbol>
      <symbol id="sm-de8">
         <name>__mspabi_srll_8</name>
         <value>0x3bdaa</value>
         <object_component_ref idref="oc-bd5"/>
      </symbol>
      <symbol id="sm-de9">
         <name>__mspabi_srll_9</name>
         <value>0x3bda6</value>
         <object_component_ref idref="oc-bd5"/>
      </symbol>
      <symbol id="sm-dea">
         <name>__mspabi_srll_6</name>
         <value>0x3bdb2</value>
         <object_component_ref idref="oc-bd5"/>
      </symbol>
      <symbol id="sm-deb">
         <name>__mspabi_srll_7</name>
         <value>0x3bdae</value>
         <object_component_ref idref="oc-bd5"/>
      </symbol>
      <symbol id="sm-dec">
         <name>__mspabi_srll_4</name>
         <value>0x3bdba</value>
         <object_component_ref idref="oc-bd5"/>
      </symbol>
      <symbol id="sm-ded">
         <name>__mspabi_srll_5</name>
         <value>0x3bdb6</value>
         <object_component_ref idref="oc-bd5"/>
      </symbol>
      <symbol id="sm-dee">
         <name>__mspabi_srll_2</name>
         <value>0x3bdc2</value>
         <object_component_ref idref="oc-bd5"/>
      </symbol>
      <symbol id="sm-def">
         <name>__mspabi_srll_3</name>
         <value>0x3bdbe</value>
         <object_component_ref idref="oc-bd5"/>
      </symbol>
      <symbol id="sm-df0">
         <name>__mspabi_srll_1</name>
         <value>0x3bdc6</value>
         <object_component_ref idref="oc-bd5"/>
      </symbol>
      <symbol id="sm-df1">
         <name>__mspabi_srll_15</name>
         <value>0x3bd8e</value>
         <object_component_ref idref="oc-bd5"/>
      </symbol>
      <symbol id="sm-df2">
         <name>__mspabi_srll_14</name>
         <value>0x3bd92</value>
         <object_component_ref idref="oc-bd5"/>
      </symbol>
      <symbol id="sm-df3">
         <name>__mspabi_srll_13</name>
         <value>0x3bd96</value>
         <object_component_ref idref="oc-bd5"/>
      </symbol>
      <symbol id="sm-df4">
         <name>__mspabi_srll_12</name>
         <value>0x3bd9a</value>
         <object_component_ref idref="oc-bd5"/>
      </symbol>
      <symbol id="sm-df5">
         <name>__mspabi_srll_11</name>
         <value>0x3bd9e</value>
         <object_component_ref idref="oc-bd5"/>
      </symbol>
      <symbol id="sm-df6">
         <name>__mspabi_srll_10</name>
         <value>0x3bda2</value>
         <object_component_ref idref="oc-bd5"/>
      </symbol>
      <symbol id="sm-df7">
         <name>__mspabi_srll</name>
         <value>0x3c07c</value>
         <object_component_ref idref="oc-bbd"/>
      </symbol>
      <symbol id="sm-e04">
         <name>__mspabi_srlll</name>
         <value>0x3be42</value>
         <object_component_ref idref="oc-be1"/>
      </symbol>
      <symbol id="sm-e15">
         <name>_stack</name>
         <value>0xfee0</value>
         <object_component_ref idref="oc-6c3"/>
      </symbol>
      <symbol id="sm-e16">
         <name>_c_int00_noargs</name>
         <value>0x4000</value>
         <object_component_ref idref="oc-708"/>
      </symbol>
      <symbol id="sm-e17">
         <name>_reset_vector</name>
         <value>0xfffe</value>
         <object_component_ref idref="oc-6c6"/>
      </symbol>
      <symbol id="sm-e3b">
         <name>__TI_auto_init_nobinit_nopinit_hold_wdt</name>
         <value>0x3b7de</value>
         <object_component_ref idref="oc-832"/>
      </symbol>
      <symbol id="sm-e44">
         <name>_system_post_cinit</name>
         <value>0x3c0d6</value>
         <object_component_ref idref="oc-94c"/>
      </symbol>
      <symbol id="sm-e4d">
         <name>_system_pre_init</name>
         <value>0x3c0d2</value>
         <object_component_ref idref="oc-75f"/>
      </symbol>
      <symbol id="sm-e58">
         <name>C$$EXIT</name>
         <value>0x3c0cc</value>
         <object_component_ref idref="oc-80e"/>
      </symbol>
      <symbol id="sm-e59">
         <name>abort</name>
         <value>0x3c0cc</value>
         <object_component_ref idref="oc-80e"/>
      </symbol>
      <symbol id="sm-ea6">
         <name>expl</name>
         <value>0x386a8</value>
         <object_component_ref idref="oc-afe"/>
      </symbol>
      <symbol id="sm-ea7">
         <name>exp</name>
         <value>0x386a8</value>
         <object_component_ref idref="oc-afe"/>
      </symbol>
      <symbol id="sm-ec1">
         <name>__mspabi_cmpd</name>
         <value>0x3b19e</value>
         <object_component_ref idref="oc-b7c"/>
      </symbol>
      <symbol id="sm-ece">
         <name>__mspabi_fixdi</name>
         <value>0x3bf08</value>
         <object_component_ref idref="oc-b88"/>
      </symbol>
      <symbol id="sm-ed7">
         <name>__mspabi_subd</name>
         <value>0x3be7c</value>
         <object_component_ref idref="oc-b94"/>
      </symbol>
      <symbol id="sm-ede">
         <name>errno</name>
         <value>0x1d5e</value>
         <object_component_ref idref="oc-b82"/>
      </symbol>
      <symbol id="sm-eee">
         <name>memcpy</name>
         <value>0x3bdcc</value>
         <object_component_ref idref="oc-6d2"/>
      </symbol>
      <symbol id="sm-efd">
         <name>memset</name>
         <value>0x3bfec</value>
         <object_component_ref idref="oc-9dd"/>
      </symbol>
      <symbol id="sm-f11">
         <name>roundl</name>
         <value>0x3aea0</value>
         <object_component_ref idref="oc-b10"/>
      </symbol>
      <symbol id="sm-f12">
         <name>round</name>
         <value>0x3aea0</value>
         <object_component_ref idref="oc-b10"/>
      </symbol>
      <symbol id="sm-f32">
         <name>floorl</name>
         <value>0x39f04</value>
         <object_component_ref idref="oc-bb0"/>
      </symbol>
      <symbol id="sm-f33">
         <name>floor</name>
         <value>0x39f04</value>
         <object_component_ref idref="oc-bb0"/>
      </symbol>
      <symbol id="sm-f49">
         <name>vPortSetupTimerInterrupt</name>
         <value>0x3bf7e</value>
      </symbol>
   </symbol_table>
   <title>Link successful</title>
</link_info>
