******************************************************************************
                  MSP430 Linker PC v21.6.1                     
******************************************************************************
>> Linked Tue Feb  4 14:31:51 2025

OUTPUT FILE NAME:   <ML_int8.out>
ENTRY POINT SYMBOL: "_c_int00_noargs"  address: 000040e6


MEMORY CONFIGURATION

         name            origin    length      used     unused   attr    fill
----------------------  --------  ---------  --------  --------  ----  --------
  TINYRAM               0000000a   00000016  00000000  00000016  RWIX
  BSL                   00001000   00000800  00000000  00000800  RWIX
  INFOD                 00001800   00000080  00000000  00000080  RWIX
  INFOC                 00001880   00000080  00000000  00000080  RWIX
  INFOB                 00001900   00000080  00000000  00000080  RWIX
  INFOA                 00001980   00000080  00000000  00000080  RWIX
  RAM                   00001c00   00001000  0000037e  00000c82  RWIX
  LEARAM                00002c00   00000ec8  00000ec4  00000004  RWIX
  LEASTACK              00003ac8   00000138  00000000  00000138  RWIX
  FRAM                  00004000   0000bf80  000005c6  0000b9ba  RWIX
  JTAGSIGNATURE         0000ff80   00000004  00000004  00000000  RWIX  ffff 
  BSLSIGNATURE          0000ff84   00000004  00000004  00000000  RWIX  ffff 
  IPESIGNATURE          0000ff88   00000008  00000008  00000000  RWIX  ffff 
  INT00                 0000ff90   00000002  00000000  00000002  RWIX
  INT01                 0000ff92   00000002  00000000  00000002  RWIX
  INT02                 0000ff94   00000002  00000000  00000002  RWIX
  INT03                 0000ff96   00000002  00000000  00000002  RWIX
  INT04                 0000ff98   00000002  00000000  00000002  RWIX
  INT05                 0000ff9a   00000002  00000000  00000002  RWIX
  INT06                 0000ff9c   00000002  00000000  00000002  RWIX
  INT07                 0000ff9e   00000002  00000000  00000002  RWIX
  INT08                 0000ffa0   00000002  00000000  00000002  RWIX
  INT09                 0000ffa2   00000002  00000000  00000002  RWIX
  INT10                 0000ffa4   00000002  00000000  00000002  RWIX
  INT11                 0000ffa6   00000002  00000000  00000002  RWIX
  INT12                 0000ffa8   00000002  00000000  00000002  RWIX
  INT13                 0000ffaa   00000002  00000000  00000002  RWIX
  INT14                 0000ffac   00000002  00000000  00000002  RWIX
  INT15                 0000ffae   00000002  00000000  00000002  RWIX
  INT16                 0000ffb0   00000002  00000000  00000002  RWIX
  INT17                 0000ffb2   00000002  00000000  00000002  RWIX
  INT18                 0000ffb4   00000002  00000002  00000000  RWIX
  INT19                 0000ffb6   00000002  00000002  00000000  RWIX
  INT20                 0000ffb8   00000002  00000002  00000000  RWIX
  INT21                 0000ffba   00000002  00000002  00000000  RWIX
  INT22                 0000ffbc   00000002  00000002  00000000  RWIX
  INT23                 0000ffbe   00000002  00000002  00000000  RWIX
  INT24                 0000ffc0   00000002  00000002  00000000  RWIX
  INT25                 0000ffc2   00000002  00000002  00000000  RWIX
  INT26                 0000ffc4   00000002  00000002  00000000  RWIX
  INT27                 0000ffc6   00000002  00000002  00000000  RWIX
  INT28                 0000ffc8   00000002  00000002  00000000  RWIX
  INT29                 0000ffca   00000002  00000002  00000000  RWIX
  INT30                 0000ffcc   00000002  00000002  00000000  RWIX
  INT31                 0000ffce   00000002  00000002  00000000  RWIX
  INT32                 0000ffd0   00000002  00000002  00000000  RWIX
  INT33                 0000ffd2   00000002  00000002  00000000  RWIX
  INT34                 0000ffd4   00000002  00000002  00000000  RWIX
  INT35                 0000ffd6   00000002  00000002  00000000  RWIX
  INT36                 0000ffd8   00000002  00000002  00000000  RWIX
  INT37                 0000ffda   00000002  00000002  00000000  RWIX
  INT38                 0000ffdc   00000002  00000002  00000000  RWIX
  INT39                 0000ffde   00000002  00000002  00000000  RWIX
  INT40                 0000ffe0   00000002  00000002  00000000  RWIX
  INT41                 0000ffe2   00000002  00000002  00000000  RWIX
  INT42                 0000ffe4   00000002  00000002  00000000  RWIX
  INT43                 0000ffe6   00000002  00000002  00000000  RWIX
  INT44                 0000ffe8   00000002  00000002  00000000  RWIX
  INT45                 0000ffea   00000002  00000002  00000000  RWIX
  INT46                 0000ffec   00000002  00000002  00000000  RWIX
  INT47                 0000ffee   00000002  00000002  00000000  RWIX
  INT48                 0000fff0   00000002  00000002  00000000  RWIX
  INT49                 0000fff2   00000002  00000002  00000000  RWIX
  INT50                 0000fff4   00000002  00000002  00000000  RWIX
  INT51                 0000fff6   00000002  00000002  00000000  RWIX
  INT52                 0000fff8   00000002  00000002  00000000  RWIX
  INT53                 0000fffa   00000002  00000002  00000000  RWIX
  INT54                 0000fffc   00000002  00000002  00000000  RWIX
  RESET                 0000fffe   00000002  00000002  00000000  RWIX
  FRAM2                 00010000   00033ff8  00029e10  0000a1e8  RWIX


SECTION ALLOCATION MAP

 output                                  attributes/
section   page    origin      length       input sections
--------  ----  ----------  ----------   ----------------
.data      0    00001c00    000001d6     UNINITIALIZED
                  00001c00    00000090     myuart.obj (.data:UartParams)
                  00001c90    0000002c     tasks.obj (.data)
                  00001cbc    00000014     rtc.obj (.data:ReceiveBuffer)
                  00001cd0    00000014     dense.obj (.data:Sig_1)
                  00001ce4    00000014     dense.obj (.data:Sig_2)
                  00001cf8    00000014     dense.obj (.data:Sig_3)
                  00001d0c    00000014     rtc.obj (.data:TransmitBuffer)
                  00001d20    00000014     heap_4.obj (.data)
                  00001d34    00000011     myuart.obj (.data:Representation$1)
                  00001d45    00000001     --HOLE--
                  00001d46    00000011     myuart.obj (.data:Representation$4)
                  00001d57    00000001     --HOLE--
                  00001d58    0000000c     timers.obj (.data)
                  00001d64    0000000a     dense.obj (.data:SE_1_1)
                  00001d6e    0000000a     dense.obj (.data:SE_1_2)
                  00001d78    0000000a     dense.obj (.data:SE_2_1)
                  00001d82    0000000a     dense.obj (.data:SE_2_2)
                  00001d8c    0000000a     dense.obj (.data:SE_3_1)
                  00001d96    0000000a     dense.obj (.data:SE_3_2)
                  00001da0    00000009     main.obj (.data)
                  00001da9    00000001     --HOLE--
                  00001daa    00000008     avg_pool.obj (.data:SE_1)
                  00001db2    00000008     avg_pool.obj (.data:SE_2)
                  00001dba    00000008     avg_pool.obj (.data:SE_3)
                  00001dc2    00000007     rtc.obj (.data)
                  00001dc9    00000001     --HOLE--
                  00001dca    00000004     avg_pool.obj (.data)
                  00001dce    00000004     task1.obj (.data)
                  00001dd2    00000002     port.obj (.data)
                  00001dd4    00000002     rts430x_lc_ld_eabi.lib : errno.c.obj (.data)

.cio       0    00004000    00000000     UNINITIALIZED

.sysmem    0    00004000    00000000     UNINITIALIZED

.ipestruct 
*          0    00004000    00000000     UNINITIALIZED

.ipe       0    00004000    00000000     UNINITIALIZED

.ipe_const 
*          0    00004000    00000000     UNINITIALIZED

.ipe:_isr 
*          0    00004000    00000000     UNINITIALIZED

.binit     0    00004000    00000000     

.cinit     0    00004424    00000102     
                  00004424    000000d2     (.cinit..data.load) [load image, compression = lzss]
                  000044f6    0000000c     (__TI_handler_table)
                  00004502    00000006     (.cinit..bss.load) [load image, compression = zero_init]
                  00004508    00000006     (.cinit..leaRAM.load) [load image, compression = zero_init]
                  0000450e    00000018     (__TI_cinit_table)

.TI.persistent 
*          0    00010000    0001f44c     
                  00010000    00005000     main.obj (.TI.persistent:ucHeap)
                  00015000    00004e20     conv.obj (.TI.persistent:MODEL_ARRAY_TEMP)
                  00019e20    00004e20     task1.obj (.TI.persistent:Task1_Input)
                  0001ec40    00004e20     task2.obj (.TI.persistent:Task2_Input)
                  00023a60    00004800     conv_parameter.obj (.TI.persistent:conv3_weight)
                  00028260    00002800     dense.obj (.TI.persistent:fc_weight)
                  0002aa60    00001200     conv_parameter.obj (.TI.persistent:conv2_weight)
                  0002bc60    00001000     layers.obj (.TI.persistent:FILTER_BUFFER)
                  0002cc60    00000c00     task1.obj (.TI.persistent:input_buffer)
                  0002d860    00000c00     task2.obj (.TI.persistent:input_buffer)
                  0002e460    00000800     layers.obj (.TI.persistent:PADDING_BUFFER)
                  0002ec60    000001b0     conv_parameter.obj (.TI.persistent:conv1_weight)
                  0002ee10    00000100     dense.obj (.TI.persistent:se3_fc1_weight)
                  0002ef10    00000100     dense.obj (.TI.persistent:se3_fc2_weight)
                  0002f010    000000c8     task1.obj (.TI.persistent:MODEL_BLOCK_TEMP_1)
                  0002f0d8    000000c8     task2.obj (.TI.persistent:MODEL_BLOCK_TEMP_2)
                  0002f1a0    00000080     conv_parameter.obj (.TI.persistent:conv3_bias)
                  0002f220    00000040     conv_parameter.obj (.TI.persistent:conv2_bias)
                  0002f260    00000040     dense.obj (.TI.persistent:se2_fc1_weight)
                  0002f2a0    00000040     dense.obj (.TI.persistent:se2_fc2_weight)
                  0002f2e0    00000024     layers.obj (.TI.persistent:ML_num)
                  0002f304    00000020     conv_parameter.obj (.TI.persistent:conv1_bias)
                  0002f324    00000018     conv_parameter.obj (.TI.persistent:conv1Params)
                  0002f33c    00000018     conv_parameter.obj (.TI.persistent:conv2Params)
                  0002f354    00000018     conv_parameter.obj (.TI.persistent:conv3Params)
                  0002f36c    00000014     task1.obj (.TI.persistent:SE_FC_1)
                  0002f380    00000014     task2.obj (.TI.persistent:SE_FC_2)
                  0002f394    00000014     dense.obj (.TI.persistent:fc_bias)
                  0002f3a8    00000014     task1.obj (.TI.persistent:output_buffer)
                  0002f3bc    00000014     task2.obj (.TI.persistent:output_buffer)
                  0002f3d0    00000012     main.obj (.TI.persistent:task1Params)
                  0002f3e2    00000012     main.obj (.TI.persistent:task2Params)
                  0002f3f4    00000010     main.obj (.TI.persistent:end_time)
                  0002f404    00000010     dense.obj (.TI.persistent:se1_fc1_weight)
                  0002f414    00000010     dense.obj (.TI.persistent:se1_fc2_weight)
                  0002f424    0000000a     conv_parameter.obj (.TI.persistent:conv1scale)
                  0002f42e    0000000a     conv_parameter.obj (.TI.persistent:conv2scale)
                  0002f438    0000000a     conv_parameter.obj (.TI.persistent:conv3scale)
                  0002f442    0000000a     main.obj (.TI.persistent)

.init_array 
*          0    00004000    00000000     UNINITIALIZED

.text:_isr 
*          0    00004000    0000014a     
                  00004000    000000e6     rtc.obj (.text:_isr:USCI_B2_ISR)
                  000040e6    0000001c     rts430x_lc_ld_eabi.lib : boot.c.obj (.text:_isr:_c_int00_noargs)
                  00004102    0000001c     msp_lea_isr.obj (.text:_isr:msp_lea_isr)
                  0000411e    00000014     main.obj (.text:_isr:v4RunTimeStatsTimerOverflow)
                  00004132    00000010     port.obj (.text:_isr:vTickISREntry)
                  00004142    00000008     rts430x_lc_ld_eabi.lib : isr_trap.asm.obj (.text:_isr:__TI_ISR_TRAP)

.bss       0    00001dd6    000001a8     UNINITIALIZED
                  00001dd6    0000005a     tasks.obj (.bss:pxReadyTasksLists)
                  00001e30    00000032     myuart.obj (.bss:buffer$2)
                  00001e62    00000032     myuart.obj (.bss:buffer$5)
                  00001e94    00000020     myuart.obj (.bss:buffer$3)
                  00001eb4    00000012     timers.obj (.bss:xActiveTimerList1)
                  00001ec6    00000012     timers.obj (.bss:xActiveTimerList2)
                  00001ed8    00000012     tasks.obj (.bss:xDelayedTaskList1)
                  00001eea    00000012     tasks.obj (.bss:xDelayedTaskList2)
                  00001efc    00000012     tasks.obj (.bss:xPendingReadyList)
                  00001f0e    00000012     tasks.obj (.bss:xSuspendedTaskList)
                  00001f20    00000012     tasks.obj (.bss:xTasksWaitingTermination)
                  00001f32    00000008     task1.obj (.bss:inputFeatures)
                  00001f3a    00000008     task2.obj (.bss:inputFeatures)
                  00001f42    00000008     task1.obj (.bss:outputLabels)
                  00001f4a    00000008     task2.obj (.bss:outputLabels)
                  00001f52    00000008     tasks.obj (.bss)
                  00001f5a    00000008     timers.obj (.bss)
                  00001f62    00000008     heap_4.obj (.bss:xStart)
                  00001f6a    00000008     (.common:taskArray)
                  00001f72    00000004     (.common:xEventGroup)
                  00001f76    00000004     (.common:xSchedulerMessages)
                  00001f7a    00000002     (.common:msp_lea_ifg)
                  00001f7c    00000002     (.common:msp_lea_locked)

.stack     0    0000fee0    000000a0     UNINITIALIZED
                  0000fee0    00000004     rts430x_lc_ld_eabi.lib : boot.c.obj (.stack)
                  0000fee4    0000009c     --HOLE--

.leaRAM    0    00002c00    00000ec4     UNINITIALIZED
                  00002c00    00000ec4     matrix_ops.obj (.leaRAM)

$fill000   0    0000ff80    00000004     
                  0000ff80    00000004     --HOLE-- [fill = ffff]

$fill001   0    0000ff84    00000004     
                  0000ff84    00000004     --HOLE-- [fill = ffff]

$fill002   0    0000ff88    00000008     
                  0000ff88    00000008     --HOLE-- [fill = ffff]

LEA        0    0000ffb4    00000002     
                  0000ffb4    00000002     msp_lea_isr.obj (.int18)

PORT8      0    0000ffb6    00000002     
                  0000ffb6    00000002     rts430x_lc_ld_eabi.lib : int19.asm.obj (.int19)

PORT7      0    0000ffb8    00000002     
                  0000ffb8    00000002     rts430x_lc_ld_eabi.lib : int20.asm.obj (.int20)

EUSCI_B3   0    0000ffba    00000002     
                  0000ffba    00000002     rts430x_lc_ld_eabi.lib : int21.asm.obj (.int21)

EUSCI_B2   0    0000ffbc    00000002     
                  0000ffbc    00000002     rtc.obj (.int22)

EUSCI_B1   0    0000ffbe    00000002     
                  0000ffbe    00000002     rts430x_lc_ld_eabi.lib : int23.asm.obj (.int23)

EUSCI_A3   0    0000ffc0    00000002     
                  0000ffc0    00000002     rts430x_lc_ld_eabi.lib : int24.asm.obj (.int24)

EUSCI_A2   0    0000ffc2    00000002     
                  0000ffc2    00000002     rts430x_lc_ld_eabi.lib : int25.asm.obj (.int25)

PORT6      0    0000ffc4    00000002     
                  0000ffc4    00000002     rts430x_lc_ld_eabi.lib : int26.asm.obj (.int26)

PORT5      0    0000ffc6    00000002     
                  0000ffc6    00000002     rts430x_lc_ld_eabi.lib : int27.asm.obj (.int27)

TIMER4_A1 
*          0    0000ffc8    00000002     
                  0000ffc8    00000002     rts430x_lc_ld_eabi.lib : int28.asm.obj (.int28)

TIMER4_A0 
*          0    0000ffca    00000002     
                  0000ffca    00000002     rts430x_lc_ld_eabi.lib : int29.asm.obj (.int29)

AES256     0    0000ffcc    00000002     
                  0000ffcc    00000002     rts430x_lc_ld_eabi.lib : int30.asm.obj (.int30)

RTC_C      0    0000ffce    00000002     
                  0000ffce    00000002     rts430x_lc_ld_eabi.lib : int31.asm.obj (.int31)

PORT4      0    0000ffd0    00000002     
                  0000ffd0    00000002     rts430x_lc_ld_eabi.lib : int32.asm.obj (.int32)

PORT3      0    0000ffd2    00000002     
                  0000ffd2    00000002     rts430x_lc_ld_eabi.lib : int33.asm.obj (.int33)

TIMER3_A1 
*          0    0000ffd4    00000002     
                  0000ffd4    00000002     rts430x_lc_ld_eabi.lib : int34.asm.obj (.int34)

TIMER3_A0 
*          0    0000ffd6    00000002     
                  0000ffd6    00000002     rts430x_lc_ld_eabi.lib : int35.asm.obj (.int35)

PORT2      0    0000ffd8    00000002     
                  0000ffd8    00000002     rts430x_lc_ld_eabi.lib : int36.asm.obj (.int36)

TIMER2_A1 
*          0    0000ffda    00000002     
                  0000ffda    00000002     rts430x_lc_ld_eabi.lib : int37.asm.obj (.int37)

TIMER2_A0 
*          0    0000ffdc    00000002     
                  0000ffdc    00000002     rts430x_lc_ld_eabi.lib : int38.asm.obj (.int38)

PORT1      0    0000ffde    00000002     
                  0000ffde    00000002     rts430x_lc_ld_eabi.lib : int39.asm.obj (.int39)

TIMER1_A1 
*          0    0000ffe0    00000002     
                  0000ffe0    00000002     main.obj (.int40)

TIMER1_A0 
*          0    0000ffe2    00000002     
                  0000ffe2    00000002     rts430x_lc_ld_eabi.lib : int41.asm.obj (.int41)

DMA        0    0000ffe4    00000002     
                  0000ffe4    00000002     rts430x_lc_ld_eabi.lib : int42.asm.obj (.int42)

EUSCI_A1   0    0000ffe6    00000002     
                  0000ffe6    00000002     rts430x_lc_ld_eabi.lib : int43.asm.obj (.int43)

TIMER0_A1 
*          0    0000ffe8    00000002     
                  0000ffe8    00000002     rts430x_lc_ld_eabi.lib : int44.asm.obj (.int44)

TIMER0_A0 
*          0    0000ffea    00000002     
                  0000ffea    00000002     port.obj (.int45)

ADC12_B    0    0000ffec    00000002     
                  0000ffec    00000002     rts430x_lc_ld_eabi.lib : int46.asm.obj (.int46)

EUSCI_B0   0    0000ffee    00000002     
                  0000ffee    00000002     rts430x_lc_ld_eabi.lib : int47.asm.obj (.int47)

EUSCI_A0   0    0000fff0    00000002     
                  0000fff0    00000002     rts430x_lc_ld_eabi.lib : int48.asm.obj (.int48)

WDT        0    0000fff2    00000002     
                  0000fff2    00000002     rts430x_lc_ld_eabi.lib : int49.asm.obj (.int49)

TIMER0_B1 
*          0    0000fff4    00000002     
                  0000fff4    00000002     rts430x_lc_ld_eabi.lib : int50.asm.obj (.int50)

TIMER0_B0 
*          0    0000fff6    00000002     
                  0000fff6    00000002     rts430x_lc_ld_eabi.lib : int51.asm.obj (.int51)

COMP_E     0    0000fff8    00000002     
                  0000fff8    00000002     rts430x_lc_ld_eabi.lib : int52.asm.obj (.int52)

UNMI       0    0000fffa    00000002     
                  0000fffa    00000002     rts430x_lc_ld_eabi.lib : int53.asm.obj (.int53)

SYSNMI     0    0000fffc    00000002     
                  0000fffc    00000002     rts430x_lc_ld_eabi.lib : int54.asm.obj (.int54)

.reset     0    0000fffe    00000002     
                  0000fffe    00000002     rts430x_lc_ld_eabi.lib : boot.c.obj (.reset)

.const     0    0000414a    000002da     
                  0000414a    00000101     rts430x_lc_ld_eabi.lib : ctype.c.obj (.const:.string:_ctypes_)
                  0000424b    00000001     --HOLE-- [fill = 0]
                  0000424c    0000006a     task2.obj (.const:.string)
                  000042b6    0000004a     tasks.obj (.const:.string)
                  00004300    0000003e     task1.obj (.const:.string)
                  0000433e    00000026     rts430x_lc_ld_eabi.lib : _printfi.c.obj (.const:.string)
                  00004364    0000001c     main.obj (.const:.string)
                  00004380    0000001c     gpio.obj (.const:GPIO_PORT_TO_BASE)
                  0000439c    00000012     scheduler.obj (.const:INITIAL_VALUES)
                  000043ae    00000010     rts430x_lc_ld_eabi.lib : e_pow.c.obj (.const:bp)
                  000043be    00000010                            : e_pow.c.obj (.const:dp_h)
                  000043ce    00000010                            : e_pow.c.obj (.const:dp_l)
                  000043de    00000010                            : e_exp.c.obj (.const:halF)
                  000043ee    00000010                            : e_exp.c.obj (.const:ln2HI)
                  000043fe    00000010                            : e_exp.c.obj (.const:ln2LO)
                  0000440e    00000008     myuart.obj (.const:.string)
                  00004416    00000008     timers.obj (.const:.string)
                  0000441e    00000004     matrix_ops.obj (.const)
                  00004422    00000002     tasks.obj (.const)

.text      0    0002f44c    0000a9c4     
                  0002f44c    0000114c     rts430x_lc_ld_eabi.lib : e_pow.c.obj (.text:pow)
                  00030598    0000072a                            : addd.c.obj (.text:__mspabi_addd)
                  00030cc2    00000528                            : e_exp.c.obj (.text:exp)
                  000311ea    00000468                            : frcdivd.c.obj (.text:__TI_frcdivd)
                  00031652    000003ec     layers.obj (.text:filters_sum)
                  00031a3e    0000034e     rts430x_lc_ld_eabi.lib : div64u.c.obj (.text:__mspabi_divull)
                  00031d8c    000002de                            : _printfi.c.obj (.text:__TI_printfi:_setfield___TI_printfi)
                  0003206a    000002dc                            : e_sqrt.c.obj (.text:sqrt)
                  00032346    000002d4     task2.obj (.text:Task2)
                  0003261a    000002c0     task1.obj (.text:Task1)
                  000328da    000002ae     rts430x_lc_ld_eabi.lib : _printfi.c.obj (.text:__TI_printfi:__TI_printfi)
                  00032b88    00000296     scheduler.obj (.text:SchedulerTask)
                  00032e1e    00000292     rts430x_lc_ld_eabi.lib : mpyd.c.obj (.text:__mspabi_mpyd)
                  000330b0    00000268                            : _printfi.c.obj (.text:_pproc_fgea)
                  00033318    00000240     conv.obj (.text:conv)
                  00033558    00000224     rts430x_lc_ld_eabi.lib : _printfi.c.obj (.text:acvt)
                  0003377c    0000021c                            : divd.c.obj (.text:__mspabi_divd)
                  00033998    00000214     layers.obj (.text:conv2d)
                  00033bac    00000206     rts430x_lc_ld_eabi.lib : _printfi.c.obj (.text:__TI_printfi:_getarg_diouxp___TI_printfi)
                  00033db2    000001e6                            : _printfi.c.obj (.text:ecvt)
                  00033f98    000001d8     tasks.obj (.text:xTaskIncrementTick)
                  00034170    000001ce     msp_matrix_mpy_q15.obj (.text:msp_matrix_mpy_q15)
                  0003433e    000001c8     rts430x_lc_ld_eabi.lib : _printfi.c.obj (.text:fcvt)
                  00034506    000001c4                            : s_floor.c.obj (.text:floor)
                  000346ca    000001b6     avg_pool.obj (.text:global_avg_pool)
                  00034880    000001ae     matrix_ops.obj (.text:filter_im2col)
                  00034a2e    000001aa     rts430x_lc_ld_eabi.lib : _printfi.c.obj (.text:_pconv_e)
                  00034bd8    00000198     queue.obj (.text:xQueueGenericSend)
                  00034d70    0000018e     event_groups.obj (.text:xEventGroupWaitBits)
                  00034efe    0000018c     dense.obj (.text:se1_fc2)
                  0003508a    0000018c     tasks.obj (.text:xTaskResumeAll)
                  00035216    00000182     queue.obj (.text:xQueueReceive)
                  00035398    00000170     rts430x_lc_ld_eabi.lib : _printfi.c.obj (.text:_pconv_a)
                  00035508    00000166     layers.obj (.text:maxpooling_with_importance)
                  0003566e    00000164     rts430x_lc_ld_eabi.lib : frcmpyd.c.obj (.text:__TI_frcmpyd)
                  000357d2    00000164     dense.obj (.text:sigmoid)
                  00035936    0000015e     rts430x_lc_ld_eabi.lib : _printfi.c.obj (.text:__TI_printfi:_ltostr___TI_printfi)
                  00035a94    0000015a                            : s_scalbn.c.obj (.text:scalbn)
                  00035bee    00000158     dense.obj (.text:dense_koo)
                  00035d46    0000014e     dense.obj (.text:se1_fc1)
                  00035e94    0000014c     heap_4.obj (.text:pvPortMalloc)
                  00035fe0    0000014c     tasks.obj (.text:xTaskRemoveFromEventList)
                  0003612c    00000148     myuart.obj (.text:_DBGUART)
                  00036274    00000148     rts430x_lc_ld_eabi.lib : _printfi.c.obj (.text:__TI_printfi:_pproc_diouxp___TI_printfi)
                  000363bc    00000140     cs.obj (.text:CS_setDCOFreq)
                  000364fc    00000134     timers.obj (.text:prvProcessReceivedCommands)
                  00036630    00000132     rts430x_lc_ld_eabi.lib : fs_add.asm.obj (.text)
                  00036762    00000132     tasks.obj (.text:vTaskSwitchContext)
                  00036894    0000011c     tasks.obj (.text:vTaskRemoveFromUnorderedEventList)
                  000369b0    00000106     rts430x_lc_ld_eabi.lib : s_round.c.obj (.text:round)
                  00036ab6    00000100     event_groups.obj (.text:xEventGroupSetBits)
                  00036bb6    000000fc     rts430x_lc_ld_eabi.lib : _printfi.c.obj (.text:_pconv_g)
                  00036cb2    000000fc     tasks.obj (.text:prvInitialiseNewTask)
                  00036dae    000000f6     layers.obj (.text:padding_same)
                  00036ea4    000000ea     rts430x_lc_ld_eabi.lib : _printfi.c.obj (.text:__TI_printfi:_pproc_fwp___TI_printfi)
                  00036f8e    000000e2     tasks.obj (.text:prvAddNewTaskToReadyList)
                  00037070    000000de     queue.obj (.text:xQueueGenericReset)
                  0003714e    000000dc     max_pooling.obj (.text:max_pooling_layer)
                  0003722a    000000d8     rts430x_lc_ld_eabi.lib : cmpd.c.obj (.text:__mspabi_cmpd)
                  00037302    000000d6                            : _printfi.c.obj (.text:__TI_printfi:_pproc_wstr___TI_printfi)
                  000373d8    000000d0     tasks.obj (.text:xTaskPriorityDisinherit)
                  000374a8    000000cc     main.obj (.text:boardSetup)
                  00037574    000000c4     tasks.obj (.text:prvAddCurrentTaskToDelayedList)
                  00037638    000000b8     matrix_ops.obj (.text:matrix32_add)
                  000376f0    000000b8     rts430x_lc_ld_eabi.lib : fs_mpy.asm.obj (.text)
                  000377a8    000000b4                            : _printfi.c.obj (.text:__TI_printfi:_pproc_str___TI_printfi)
                  0003785c    000000b4                            : _printfi.c.obj (.text:_mcpy)
                  00037910    000000b4     myuart.obj (.text:setFrequency)
                  000379c4    000000b2     rts430x_lc_ld_eabi.lib : cvtdf.c.obj (.text:__mspabi_cvtdf)
                  00037a76    000000ac     heap_4.obj (.text:prvHeapInit)
                  00037b22    000000aa     layers.obj (.text:maxpooling_filters)
                  00037bcc    000000a6     rts430x_lc_ld_eabi.lib : s_frexp.c.obj (.text:frexp)
                  00037c72    000000a6     portext.obj (.text)
                  00037d18    000000a4     tasks.obj (.text:xTaskCheckForTimeOut)
                  00037dbc    000000a0     queue.obj (.text:prvUnlockQueue)
                  00037e5c    0000009e     rts430x_lc_ld_eabi.lib : fltlid.c.obj (.text:__mspabi_fltlid)
                  00037efa    0000009e     queue.obj (.text:prvCopyDataToQueue)
                  00037f98    0000009a     eusci_a_uart.obj (.text:EUSCI_A_UART_init)
                  00038032    00000098     main.obj (.text:task_start)
                  000380ca    00000096     rts430x_lc_ld_eabi.lib : _ltoa.c.obj (.text:__TI_ltoa)
                  00038160    00000096     tasks.obj (.text:xTaskCreate)
                  000381f6    00000090     rts430x_lc_ld_eabi.lib : _printfi.c.obj (.text:_ecpy)
                  00038286    00000086     tasks.obj (.text:vTaskPlaceOnUnorderedEventList)
                  0003830c    00000082     tasks.obj (.text:vTaskStartScheduler)
                  0003838e    0000007a     myuart.obj (.text:convertFloat)
                  00038408    0000007a     timers.obj (.text:prvInsertTimerInActiveList)
                  00038482    0000007a     timers.obj (.text:prvProcessTimerOrBlockTask)
                  000384fc    00000078     rts430x_lc_ld_eabi.lib : autoinit.c.obj (.text:__TI_auto_init_nobinit_nopinit_hold_wdt:__TI_auto_init_nobinit_nopinit_hold_wdt)
                  00038574    00000078                            : _printfi.c.obj (.text:_pconv_f)
                  000385ec    00000078                            : snprintf.c.obj (.text:snprintf)
                  00038664    00000076                            : copy_decompress_lzss.c.obj (.text:decompress:lzss:__TI_decompress_lzss)
                  000386da    00000072     gpio.obj (.text:GPIO_setAsPeripheralModuleFunctionInputPin)
                  0003874c    00000072     gpio.obj (.text:GPIO_setAsPeripheralModuleFunctionOutputPin)
                  000387be    00000072     heap_4.obj (.text:prvInsertBlockIntoFreeList)
                  00038830    0000006e     main.obj (.text:main)
                  0003889e    0000006e     queue.obj (.text:xQueueGenericCreate)
                  0003890c    0000006c     rts430x_lc_ld_eabi.lib : snprintf.c.obj (.text:_outs)
                  00038978    0000006c     tasks.obj (.text:vTaskPlaceOnEventListRestricted)
                  000389e4    0000006a     cs.obj (.text:CS_initClockSignal)
                  00038a4e    0000006a     myuart.obj (.text:uartinit)
                  00038ab8    0000006a     heap_4.obj (.text:vPortFree)
                  00038b22    00000068     rts430x_lc_ld_eabi.lib : fs_toi.asm.obj (.text)
                  00038b8a    00000066                            : fixdli.c.obj (.text:__mspabi_fixdli)
                  00038bf0    00000062                            : atoi.c.obj (.text:atoi)
                  00038c52    00000062     tasks.obj (.text:prvInitialiseTaskLists)
                  00038cb4    00000060     matrix_ops.obj (.text:msp_checkStatus)
                  00038d14    0000005e     event_groups.obj (.text:xEventGroupClearBits)
                  00038d72    0000005c     rts430x_lc_ld_eabi.lib : mult64_f5hw.asm.obj (.text:__mpyll)
                  00038dce    0000005a     timers.obj (.text:prvCheckForValidListAndQueue)
                  00038e28    00000058     rts430x_lc_ld_eabi.lib : div32u.asm.obj (.text)
                  00038e80    00000054     list.obj (.text:vListInsert)
                  00038ed4    00000052     rtc.obj (.text:I2C_Master_WriteReg)
                  00038f26    00000052     timers.obj (.text:prvReloadTimer)
                  00038f78    00000050     tasks.obj (.text:prvCheckTasksWaitingTermination)
                  00038fc8    0000004e     rts430x_lc_ld_eabi.lib : _printfi.c.obj (.text:_fcpy)
                  00039016    0000004e     msp_lea_init.obj (.text:msp_lea_init)
                  00039064    0000004e     queue.obj (.text:vQueueWaitForMessageRestricted)
                  000390b2    0000004c     myuart.obj (.text:convertl)
                  000390fe    0000004c     timers.obj (.text:prvProcessExpiredTimer)
                  0003914a    0000004c     timers.obj (.text:xTimerCreateTimerTask)
                  00039196    0000004a     block.obj (.text:SE_Block)
                  000391e0    00000044     rtc.obj (.text:AB1805_get_datetime)
                  00039224    00000042     eusci_a_uart.obj (.text:EUSCI_A_UART_transmitData)
                  00039266    00000040     rtc.obj (.text:AB1805_set_datetime)
                  000392a6    00000040     rtc.obj (.text:I2C_Master_ReadReg)
                  000392e6    00000040     rts430x_lc_ld_eabi.lib : asr64.c.obj (.text:__mspabi_srall)
                  00039326    00000040                            : div32s.asm.obj (.text)
                  00039366    0000003e                            : asr32.asm.obj (.text:l_asr_const)
                  000393a4    0000003e                            : lsl32.asm.obj (.text:l_lsl_const)
                  000393e2    0000003e                            : lsr32.asm.obj (.text:l_lsr_const)
                  00039420    0000003c                            : memcpy.c.obj (.text:memcpy)
                  0003945c    0000003a     rtc.obj (.text:AB1805_init)
                  00039496    0000003a     rts430x_lc_ld_eabi.lib : lsl64.c.obj (.text:__mspabi_sllll)
                  000394d0    0000003a                            : lsr64.c.obj (.text:__mspabi_srlll)
                  0003950a    0000003a     list.obj (.text:uxListRemove)
                  00039544    00000038     timers.obj (.text:prvSampleTimeNow)
                  0003957c    00000036     rts430x_lc_ld_eabi.lib : fs_itof.asm.obj (.text)
                  000395b2    00000034                            : memccpy.c.obj (.text:memccpy)
                  000395e6    00000034     queue.obj (.text:prvCopyDataFromQueue)
                  0003961a    00000032     rts430x_lc_ld_eabi.lib : subd.c.obj (.text:__mspabi_subd)
                  0003964c    00000032     myuart.obj (.text:convert)
                  0003967e    00000032     matrix_ops.obj (.text:dma_load)
                  000396b0    00000030     event_groups.obj (.text:prvTestWaitCondition)
                  000396e0    00000030     tasks.obj (.text:vTaskPlaceOnEventList)
                  00039710    0000002e     rts430x_lc_ld_eabi.lib : negd.c.obj (.text:__mspabi_negd)
                  0003973e    0000002e                            : snprintf.c.obj (.text:_outc)
                  0003976c    0000002e                            : s_copysign.c.obj (.text:copysign)
                  0003979a    0000002e     timers.obj (.text:prvGetNextExpireTime)
                  000397c8    0000002e     queue.obj (.text:prvIsQueueFull)
                  000397f6    0000002c     rts430x_lc_ld_eabi.lib : mult3264_f5hw.asm.obj (.text:__mpyull)
                  00039822    0000002c     queue.obj (.text:prvIsQueueEmpty)
                  0003984e    0000002c     timers.obj (.text:prvSwitchTimerLists)
                  0003987a    0000002c     rts430x_lc_ld_eabi.lib : div16s.asm.obj (.text)
                  000398a6    0000002c     list.obj (.text:vListInitialise)
                  000398d2    0000002a     queue.obj (.text:prvInitialiseNewQueue)
                  000398fc    0000002a     tasks.obj (.text:uxTaskResetEventItemValue)
                  00039926    00000028     rts430x_lc_ld_eabi.lib : fixdi.c.obj (.text:__mspabi_fixdi)
                  0003994e    00000028     tasks.obj (.text:prvResetNextTaskUnblockTime)
                  00039976    00000028     rts430x_lc_ld_eabi.lib : wcslen.c.obj (.text:wcslen)
                  0003999e    00000028     tasks.obj (.text:xTaskGetTickCount)
                  000399c6    00000026     main.obj (.text:vApplicationSetupTimerInterrupt)
                  000399ec    00000026     event_groups.obj (.text:xEventGroupCreate)
                  00039a12    00000024     scheduler.obj (.text:addTaskToArray)
                  00039a36    00000024     rts430x_lc_ld_eabi.lib : copy_zero_init.c.obj (.text:decompress:ZI:__TI_zero_init)
                  00039a5a    00000024     port.obj (.text:pxPortInitialiseStack)
                  00039a7e    00000024     rts430x_lc_ld_eabi.lib : mult32_f5hw.asm.obj (.text)
                  00039aa2    00000022     eusci_a_uart.obj (.text:resetUART)
                  00039ac4    00000020     rts430x_lc_ld_eabi.lib : memset.c.obj (.text:memset)
                  00039ae4    0000001c     rtc.obj (.text:CopyArray)
                  00039b00    0000001c     rts430x_lc_ld_eabi.lib : strchr.c.obj (.text:strchr)
                  00039b1c    0000001a     rtc.obj (.text:AB1805_write_rtc_register)
                  00039b36    00000018     rtc.obj (.text:AB1805_set_day)
                  00039b4e    00000018     rtc.obj (.text:AB1805_set_hour)
                  00039b66    00000018     rtc.obj (.text:AB1805_set_month)
                  00039b7e    00000018     rts430x_lc_ld_eabi.lib : mult16_f5hw.asm.obj (.text)
                  00039b96    00000018     tasks.obj (.text:xTaskGetSchedulerState)
                  00039bae    00000016     rtc.obj (.text:AB1805_set_date)
                  00039bc4    00000016     rtc.obj (.text:AB1805_set_minute)
                  00039bda    00000016     rtc.obj (.text:AB1805_set_second)
                  00039bf0    00000016     rtc.obj (.text:bcd_to_decimal)
                  00039c06    00000016     rts430x_lc_ld_eabi.lib : copy_decompress_none.c.obj (.text:decompress:none:__TI_decompress_none)
                  00039c1c    00000016     tasks.obj (.text:prvDeleteTCB)
                  00039c32    00000016     tasks.obj (.text:prvIdleTask)
                  00039c48    00000016     timers.obj (.text:prvTimerTask)
                  00039c5e    00000016     rts430x_lc_ld_eabi.lib : div16u.asm.obj (.text)
                  00039c74    00000014     tasks.obj (.text:vTaskInternalSetTimeOutState)
                  00039c88    00000012     rtc.obj (.text:AB1805_get_hour)
                  00039c9a    00000012     rtc.obj (.text:AB1805_get_month)
                  00039cac    00000012     rtc.obj (.text:AB1805_read_rtc_register)
                  00039cbe    00000012     rts430x_lc_ld_eabi.lib : strlen.c.obj (.text:strlen)
                  00039cd0    00000012                            : toupper.c.obj (.text:toupper)
                  00039ce2    00000010     rtc.obj (.text:AB1805_get_date)
                  00039cf2    00000010     rtc.obj (.text:AB1805_get_minute)
                  00039d02    00000010     rtc.obj (.text:AB1805_get_second)
                  00039d12    00000010     rtc.obj (.text:AB1805_get_year)
                  00039d22    00000010     rts430x_lc_ld_eabi.lib : asr32.asm.obj (.text:l_asr)
                  00039d32    00000010                            : lsl32.asm.obj (.text:l_lsl)
                  00039d42    00000010                            : lsr32.asm.obj (.text:l_lsr)
                  00039d52    00000010     main.obj (.text:vConfigureTimerForRunTimeStats)
                  00039d62    0000000e     rtc.obj (.text:AB1805_get_day)
                  00039d70    0000000e     rtc.obj (.text:AB1805_get_hundredth)
                  00039d7e    0000000c     rtc.obj (.text:AB1805_set_year)
                  00039d8a    0000000c     eusci_a_uart.obj (.text:EUSCI_A_UART_clearInterrupt)
                  00039d96    0000000c     rts430x_lc_ld_eabi.lib : fltid.c.obj (.text:__mspabi_fltid)
                  00039da2    0000000c     main.obj (.text:vApplicationIdleHook)
                  00039dae    0000000a     rtc.obj (.text:AB1805_get_rtc_data)
                  00039db8    0000000a     rts430x_lc_ld_eabi.lib : abs.c.obj (.text:abs)
                  00039dc2    0000000a                            : lsl16.asm.obj (.text)
                  00039dcc    0000000a     main.obj (.text:vApplicationMallocFailedHook)
                  00039dd6    0000000a     main.obj (.text:vApplicationStackOverflowHook)
                  00039de0    00000008     fixed_point_ops.obj (.text:fp_relu)
                  00039de8    00000008     list.obj (.text:vListInitialiseItem)
                  00039df0    00000006     eusci_a_uart.obj (.text:EUSCI_A_UART_enable)
                  00039df6    00000006     rts430x_lc_ld_eabi.lib : exit.c.obj (.text:abort)
                  00039dfc    00000006     tasks.obj (.text:vTaskMissedYield)
                  00039e02    00000006     tasks.obj (.text:vTaskSuspendAll)
                  00039e08    00000004     rts430x_lc_ld_eabi.lib : pre_init.c.obj (.text:_system_pre_init)
                  00039e0c    00000002                            : startup.c.obj (.text:_system_post_cinit)
                  00039e0e    00000002     main.obj (.text:vApplicationTickHook)

MODULE SUMMARY

       Module                       code    ro data   rw data
       ------                       ----    -------   -------
    .\
       task2.obj                    724     106       23328  
       task1.obj                    704     62        23332  
       main.obj                     574     30        20551  
       rtc.obj                      948     2         47     
       scheduler.obj                698     18        16     
    +--+----------------------------+-------+---------+---------+
       Total:                       3648    218       67274  
                                                             
    .\DSPLib\source\lea\
       msp_lea_init.obj             78      0         0      
       msp_lea_isr.obj              28      2         0      
       msp_lea_flags.obj            0       0         4      
    +--+----------------------------+-------+---------+---------+
       Total:                       106     2         4      
                                                             
    .\DSPLib\source\matrix\
       msp_matrix_mpy_q15.obj       462     0         0      
    +--+----------------------------+-------+---------+---------+
       Total:                       462     0         0      
                                                             
    .\Source\
       tasks.obj                    3806    76        232    
       queue.obj                    1706    0         0      
       timers.obj                   1044    8         56     
       event_groups.obj             834     0         0      
       list.obj                     194     0         0      
    +--+----------------------------+-------+---------+---------+
       Total:                       7584    84        288    
                                                             
    .\Source\portable\CCS\MSP430X\
       portext.obj                  166     0         0      
       port.obj                     52      2         2      
    +--+----------------------------+-------+---------+---------+
       Total:                       218     2         2      
                                                             
    .\Source\portable\MemMang\
       heap_4.obj                   724     0         28     
    +--+----------------------------+-------+---------+---------+
       Total:                       724     0         28     
                                                             
    .\driverlib\MSP430FR5xx_6xx\
       cs.obj                       426     0         0      
       eusci_a_uart.obj             272     0         0      
       gpio.obj                     228     28        0      
    +--+----------------------------+-------+---------+---------+
       Total:                       926     28        0      
                                                             
    .\layer\
       conv.obj                     576     0         20000  
       dense.obj                    1430    0         11052  
       layers.obj                   2310    0         6180   
       avg_pool.obj                 438     0         28     
       max_pooling.obj              220     0         0      
       block.obj                    74      0         0      
    +--+----------------------------+-------+---------+---------+
       Total:                       5048    0         37260  
                                                             
    .\math\
       matrix_ops.obj               760     4         3780   
       fixed_point_ops.obj          8       0         0      
    +--+----------------------------+-------+---------+---------+
       Total:                       768     4         3780   
                                                             
    .\parameter\
       conv_parameter.obj           0       0         23798  
    +--+----------------------------+-------+---------+---------+
       Total:                       0       0         23798  
                                                             
    .\uart_for_msp\
       myuart.obj                   862     8         310    
    +--+----------------------------+-------+---------+---------+
       Total:                       862     8         310    
                                                             
    C:\ti\ccs1260\ccs\tools\compiler\ti-cgt-msp430_21.6.1.LTS\lib\rts430x_lc_ld_eabi.lib
       _printfi.c.obj               6918    38        0      
       e_pow.c.obj                  4428    48        0      
       addd.c.obj                   1834    0         0      
       e_exp.c.obj                  1320    48        0      
       frcdivd.c.obj                1128    0         0      
       div64u.c.obj                 846     0         0      
       e_sqrt.c.obj                 732     0         0      
       mpyd.c.obj                   658     0         0      
       divd.c.obj                   540     0         0      
       s_floor.c.obj                452     0         0      
       frcmpyd.c.obj                356     0         0      
       s_scalbn.c.obj               346     0         0      
       fs_add.asm.obj               306     0         0      
       snprintf.c.obj               274     0         0      
       s_round.c.obj                262     0         0      
       ctype.c.obj                  0       257       0      
       cmpd.c.obj                   216     0         0      
       fs_mpy.asm.obj               184     0         0      
       cvtdf.c.obj                  178     0         0      
       s_frexp.c.obj                166     0         0      
       fltlid.c.obj                 158     0         0      
       _ltoa.c.obj                  150     0         0      
       autoinit.c.obj               120     0         0      
       copy_decompress_lzss.c.obj   118     0         0      
       fs_toi.asm.obj               104     0         0      
       fixdli.c.obj                 102     0         0      
       atoi.c.obj                   98      0         0      
       mult64_f5hw.asm.obj          92      0         0      
       div32u.asm.obj               88      0         0      
       asr32.asm.obj                78      0         0      
       lsl32.asm.obj                78      0         0      
       lsr32.asm.obj                78      0         0      
       asr64.c.obj                  64      0         0      
       div32s.asm.obj               64      0         0      
       memcpy.c.obj                 60      0         0      
       lsl64.c.obj                  58      0         0      
       lsr64.c.obj                  58      0         0      
       fs_itof.asm.obj              54      0         0      
       memccpy.c.obj                52      0         0      
       subd.c.obj                   50      0         0      
       negd.c.obj                   46      0         0      
       s_copysign.c.obj             46      0         0      
       div16s.asm.obj               44      0         0      
       mult3264_f5hw.asm.obj        44      0         0      
       fixdi.c.obj                  40      0         0      
       wcslen.c.obj                 40      0         0      
       copy_zero_init.c.obj         36      0         0      
       mult32_f5hw.asm.obj          36      0         0      
       memset.c.obj                 32      0         0      
       boot.c.obj                   28      2         0      
       strchr.c.obj                 28      0         0      
       mult16_f5hw.asm.obj          24      0         0      
       copy_decompress_none.c.obj   22      0         0      
       div16u.asm.obj               22      0         0      
       strlen.c.obj                 18      0         0      
       toupper.c.obj                18      0         0      
       fltid.c.obj                  12      0         0      
       abs.c.obj                    10      0         0      
       lsl16.asm.obj                10      0         0      
       isr_trap.asm.obj             8       0         0      
       exit.c.obj                   6       0         0      
       pre_init.c.obj               4       0         0      
       errno.c.obj                  0       0         2      
       int19.asm.obj                0       2         0      
       int20.asm.obj                0       2         0      
       int21.asm.obj                0       2         0      
       int23.asm.obj                0       2         0      
       int24.asm.obj                0       2         0      
       int25.asm.obj                0       2         0      
       int26.asm.obj                0       2         0      
       int27.asm.obj                0       2         0      
       int28.asm.obj                0       2         0      
       int29.asm.obj                0       2         0      
       int30.asm.obj                0       2         0      
       int31.asm.obj                0       2         0      
       int32.asm.obj                0       2         0      
       int33.asm.obj                0       2         0      
       int34.asm.obj                0       2         0      
       int35.asm.obj                0       2         0      
       int36.asm.obj                0       2         0      
       int37.asm.obj                0       2         0      
       int38.asm.obj                0       2         0      
       int39.asm.obj                0       2         0      
       int41.asm.obj                0       2         0      
       int42.asm.obj                0       2         0      
       int43.asm.obj                0       2         0      
       int44.asm.obj                0       2         0      
       int46.asm.obj                0       2         0      
       int47.asm.obj                0       2         0      
       int48.asm.obj                0       2         0      
       int49.asm.obj                0       2         0      
       int50.asm.obj                0       2         0      
       int51.asm.obj                0       2         0      
       int52.asm.obj                0       2         0      
       int53.asm.obj                0       2         0      
       int54.asm.obj                0       2         0      
       startup.c.obj                2       0         0      
    +--+----------------------------+-------+---------+---------+
       Total:                       23444   459       2      
                                                             
       Stack:                       0       0         160    
       Linker Generated:            0       258       0      
    +--+----------------------------+-------+---------+---------+
       Grand Total:                 43790   1063      132906 


LINKER GENERATED COPY TABLES

__TI_cinit_table @ 0000450e records: 3, size/record: 8, table size: 24
	.data: load addr=00004424, load size=000000d2 bytes, run addr=00001c00, run size=000001d6 bytes, compression=lzss
	.bss: load addr=00004502, load size=00000006 bytes, run addr=00001dd6, run size=000001a8 bytes, compression=zero_init
	.leaRAM: load addr=00004508, load size=00000006 bytes, run addr=00002c00, run size=00000ec4 bytes, compression=zero_init


LINKER GENERATED HANDLER TABLE

__TI_handler_table @ 000044f6 records: 3, size/record: 4, table size: 12
	index: 0, handler: __TI_zero_init
	index: 1, handler: __TI_decompress_lzss
	index: 2, handler: __TI_decompress_none


GLOBAL SYMBOLS: SORTED ALPHABETICALLY BY Name 

address   name                                       
-------   ----                                       
00039ce2  AB1805_get_date                            
000391e0  AB1805_get_datetime                        
00039d62  AB1805_get_day                             
00039c88  AB1805_get_hour                            
00039d70  AB1805_get_hundredth                       
00039cf2  AB1805_get_minute                          
00039c9a  AB1805_get_month                           
00039dae  AB1805_get_rtc_data                        
00039d02  AB1805_get_second                          
00039d12  AB1805_get_year                            
0003945c  AB1805_init                                
00039cac  AB1805_read_rtc_register                   
00039bae  AB1805_set_date                            
00039266  AB1805_set_datetime                        
00039b36  AB1805_set_day                             
00039b4e  AB1805_set_hour                            
00039bc4  AB1805_set_minute                          
00039b66  AB1805_set_month                           
00039bda  AB1805_set_second                          
00039d7e  AB1805_set_year                            
00039b1c  AB1805_write_rtc_register                  
00000800  ADC12CTL0                                  
00000801  ADC12CTL0_H                                
00000800  ADC12CTL0_L                                
00000802  ADC12CTL1                                  
00000803  ADC12CTL1_H                                
00000802  ADC12CTL1_L                                
00000804  ADC12CTL2                                  
00000805  ADC12CTL2_H                                
00000804  ADC12CTL2_L                                
00000806  ADC12CTL3                                  
00000807  ADC12CTL3_H                                
00000806  ADC12CTL3_L                                
0000080a  ADC12HI                                    
0000080b  ADC12HI_H                                  
0000080a  ADC12HI_L                                  
00000812  ADC12IER0                                  
00000813  ADC12IER0_H                                
00000812  ADC12IER0_L                                
00000814  ADC12IER1                                  
00000815  ADC12IER1_H                                
00000814  ADC12IER1_L                                
00000816  ADC12IER2                                  
00000817  ADC12IER2_H                                
00000816  ADC12IER2_L                                
0000080c  ADC12IFGR0                                 
0000080d  ADC12IFGR0_H                               
0000080c  ADC12IFGR0_L                               
0000080e  ADC12IFGR1                                 
0000080f  ADC12IFGR1_H                               
0000080e  ADC12IFGR1_L                               
00000810  ADC12IFGR2                                 
00000811  ADC12IFGR2_H                               
00000810  ADC12IFGR2_L                               
00000818  ADC12IV                                    
00000819  ADC12IV_H                                  
00000818  ADC12IV_L                                  
00000808  ADC12LO                                    
00000809  ADC12LO_H                                  
00000808  ADC12LO_L                                  
00000820  ADC12MCTL0                                 
00000821  ADC12MCTL0_H                               
00000820  ADC12MCTL0_L                               
00000822  ADC12MCTL1                                 
00000834  ADC12MCTL10                                
00000835  ADC12MCTL10_H                              
00000834  ADC12MCTL10_L                              
00000836  ADC12MCTL11                                
00000837  ADC12MCTL11_H                              
00000836  ADC12MCTL11_L                              
00000838  ADC12MCTL12                                
00000839  ADC12MCTL12_H                              
00000838  ADC12MCTL12_L                              
0000083a  ADC12MCTL13                                
0000083b  ADC12MCTL13_H                              
0000083a  ADC12MCTL13_L                              
0000083c  ADC12MCTL14                                
0000083d  ADC12MCTL14_H                              
0000083c  ADC12MCTL14_L                              
0000083e  ADC12MCTL15                                
0000083f  ADC12MCTL15_H                              
0000083e  ADC12MCTL15_L                              
00000840  ADC12MCTL16                                
00000841  ADC12MCTL16_H                              
00000840  ADC12MCTL16_L                              
00000842  ADC12MCTL17                                
00000843  ADC12MCTL17_H                              
00000842  ADC12MCTL17_L                              
00000844  ADC12MCTL18                                
00000845  ADC12MCTL18_H                              
00000844  ADC12MCTL18_L                              
00000846  ADC12MCTL19                                
00000847  ADC12MCTL19_H                              
00000846  ADC12MCTL19_L                              
00000823  ADC12MCTL1_H                               
00000822  ADC12MCTL1_L                               
00000824  ADC12MCTL2                                 
00000848  ADC12MCTL20                                
00000849  ADC12MCTL20_H                              
00000848  ADC12MCTL20_L                              
0000084a  ADC12MCTL21                                
0000084b  ADC12MCTL21_H                              
0000084a  ADC12MCTL21_L                              
0000084c  ADC12MCTL22                                
0000084d  ADC12MCTL22_H                              
0000084c  ADC12MCTL22_L                              
0000084e  ADC12MCTL23                                
0000084f  ADC12MCTL23_H                              
0000084e  ADC12MCTL23_L                              
00000850  ADC12MCTL24                                
00000851  ADC12MCTL24_H                              
00000850  ADC12MCTL24_L                              
00000852  ADC12MCTL25                                
00000853  ADC12MCTL25_H                              
00000852  ADC12MCTL25_L                              
00000854  ADC12MCTL26                                
00000855  ADC12MCTL26_H                              
00000854  ADC12MCTL26_L                              
00000856  ADC12MCTL27                                
00000857  ADC12MCTL27_H                              
00000856  ADC12MCTL27_L                              
00000858  ADC12MCTL28                                
00000859  ADC12MCTL28_H                              
00000858  ADC12MCTL28_L                              
0000085a  ADC12MCTL29                                
0000085b  ADC12MCTL29_H                              
0000085a  ADC12MCTL29_L                              
00000825  ADC12MCTL2_H                               
00000824  ADC12MCTL2_L                               
00000826  ADC12MCTL3                                 
0000085c  ADC12MCTL30                                
0000085d  ADC12MCTL30_H                              
0000085c  ADC12MCTL30_L                              
0000085e  ADC12MCTL31                                
0000085f  ADC12MCTL31_H                              
0000085e  ADC12MCTL31_L                              
00000827  ADC12MCTL3_H                               
00000826  ADC12MCTL3_L                               
00000828  ADC12MCTL4                                 
00000829  ADC12MCTL4_H                               
00000828  ADC12MCTL4_L                               
0000082a  ADC12MCTL5                                 
0000082b  ADC12MCTL5_H                               
0000082a  ADC12MCTL5_L                               
0000082c  ADC12MCTL6                                 
0000082d  ADC12MCTL6_H                               
0000082c  ADC12MCTL6_L                               
0000082e  ADC12MCTL7                                 
0000082f  ADC12MCTL7_H                               
0000082e  ADC12MCTL7_L                               
00000830  ADC12MCTL8                                 
00000831  ADC12MCTL8_H                               
00000830  ADC12MCTL8_L                               
00000832  ADC12MCTL9                                 
00000833  ADC12MCTL9_H                               
00000832  ADC12MCTL9_L                               
00000860  ADC12MEM0                                  
00000861  ADC12MEM0_H                                
00000860  ADC12MEM0_L                                
00000862  ADC12MEM1                                  
00000874  ADC12MEM10                                 
00000875  ADC12MEM10_H                               
00000874  ADC12MEM10_L                               
00000876  ADC12MEM11                                 
00000877  ADC12MEM11_H                               
00000876  ADC12MEM11_L                               
00000878  ADC12MEM12                                 
00000879  ADC12MEM12_H                               
00000878  ADC12MEM12_L                               
0000087a  ADC12MEM13                                 
0000087b  ADC12MEM13_H                               
0000087a  ADC12MEM13_L                               
0000087c  ADC12MEM14                                 
0000087d  ADC12MEM14_H                               
0000087c  ADC12MEM14_L                               
0000087e  ADC12MEM15                                 
0000087f  ADC12MEM15_H                               
0000087e  ADC12MEM15_L                               
00000880  ADC12MEM16                                 
00000881  ADC12MEM16_H                               
00000880  ADC12MEM16_L                               
00000882  ADC12MEM17                                 
00000883  ADC12MEM17_H                               
00000882  ADC12MEM17_L                               
00000884  ADC12MEM18                                 
00000885  ADC12MEM18_H                               
00000884  ADC12MEM18_L                               
00000886  ADC12MEM19                                 
00000887  ADC12MEM19_H                               
00000886  ADC12MEM19_L                               
00000863  ADC12MEM1_H                                
00000862  ADC12MEM1_L                                
00000864  ADC12MEM2                                  
00000888  ADC12MEM20                                 
00000889  ADC12MEM20_H                               
00000888  ADC12MEM20_L                               
0000088a  ADC12MEM21                                 
0000088b  ADC12MEM21_H                               
0000088a  ADC12MEM21_L                               
0000088c  ADC12MEM22                                 
0000088d  ADC12MEM22_H                               
0000088c  ADC12MEM22_L                               
0000088e  ADC12MEM23                                 
0000088f  ADC12MEM23_H                               
0000088e  ADC12MEM23_L                               
00000890  ADC12MEM24                                 
00000891  ADC12MEM24_H                               
00000890  ADC12MEM24_L                               
00000892  ADC12MEM25                                 
00000893  ADC12MEM25_H                               
00000892  ADC12MEM25_L                               
00000894  ADC12MEM26                                 
00000895  ADC12MEM26_H                               
00000894  ADC12MEM26_L                               
00000896  ADC12MEM27                                 
00000897  ADC12MEM27_H                               
00000896  ADC12MEM27_L                               
00000898  ADC12MEM28                                 
00000899  ADC12MEM28_H                               
00000898  ADC12MEM28_L                               
0000089a  ADC12MEM29                                 
0000089b  ADC12MEM29_H                               
0000089a  ADC12MEM29_L                               
00000865  ADC12MEM2_H                                
00000864  ADC12MEM2_L                                
00000866  ADC12MEM3                                  
0000089c  ADC12MEM30                                 
0000089d  ADC12MEM30_H                               
0000089c  ADC12MEM30_L                               
0000089e  ADC12MEM31                                 
0000089f  ADC12MEM31_H                               
0000089e  ADC12MEM31_L                               
00000867  ADC12MEM3_H                                
00000866  ADC12MEM3_L                                
00000868  ADC12MEM4                                  
00000869  ADC12MEM4_H                                
00000868  ADC12MEM4_L                                
0000086a  ADC12MEM5                                  
0000086b  ADC12MEM5_H                                
0000086a  ADC12MEM5_L                                
0000086c  ADC12MEM6                                  
0000086d  ADC12MEM6_H                                
0000086c  ADC12MEM6_L                                
0000086e  ADC12MEM7                                  
0000086f  ADC12MEM7_H                                
0000086e  ADC12MEM7_L                                
00000870  ADC12MEM8                                  
00000871  ADC12MEM8_H                                
00000870  ADC12MEM8_L                                
00000872  ADC12MEM9                                  
00000873  ADC12MEM9_H                                
00000872  ADC12MEM9_L                                
000009c0  AESACTL0                                   
000009c1  AESACTL0_H                                 
000009c0  AESACTL0_L                                 
000009c2  AESACTL1                                   
000009c3  AESACTL1_H                                 
000009c2  AESACTL1_L                                 
000009c8  AESADIN                                    
000009c9  AESADIN_H                                  
000009c8  AESADIN_L                                  
000009ca  AESADOUT                                   
000009cb  AESADOUT_H                                 
000009ca  AESADOUT_L                                 
000009c6  AESAKEY                                    
000009c7  AESAKEY_H                                  
000009c6  AESAKEY_L                                  
000009c4  AESASTAT                                   
000009c5  AESASTAT_H                                 
000009c4  AESASTAT_L                                 
000009cc  AESAXDIN                                   
000009cd  AESAXDIN_H                                 
000009cc  AESAXDIN_L                                 
000009ce  AESAXIN                                    
000009cf  AESAXIN_H                                  
000009ce  AESAXIN_L                                  
000004be  BCD2BIN                                    
000004bf  BCD2BIN_H                                  
000004be  BCD2BIN_L                                  
000004bc  BIN2BCD                                    
000004bd  BIN2BCD_H                                  
000004bc  BIN2BCD_L                                  
00039df6  C$$EXIT                                    
0000043e  CAPTIO0CTL                                 
0000043f  CAPTIO0CTL_H                               
0000043e  CAPTIO0CTL_L                               
0000047e  CAPTIO1CTL                                 
0000047f  CAPTIO1CTL_H                               
0000047e  CAPTIO1CTL_L                               
000008c0  CECTL0                                     
000008c1  CECTL0_H                                   
000008c0  CECTL0_L                                   
000008c2  CECTL1                                     
000008c3  CECTL1_H                                   
000008c2  CECTL1_L                                   
000008c4  CECTL2                                     
000008c5  CECTL2_H                                   
000008c4  CECTL2_L                                   
000008c6  CECTL3                                     
000008c7  CECTL3_H                                   
000008c6  CECTL3_L                                   
000008cc  CEINT                                      
000008cd  CEINT_H                                    
000008cc  CEINT_L                                    
000008ce  CEIV                                       
000008cf  CEIV_H                                     
000008ce  CEIV_L                                     
00000996  CRC16DIRBW0                                
00000997  CRC16DIRBW0_H                              
00000996  CRC16DIRBW0_L                              
00000990  CRC16DIW0                                  
00000991  CRC16DIW0_H                                
00000990  CRC16DIW0_L                                
00000998  CRC16INIRESW0                              
00000999  CRC16INIRESW0_H                            
00000998  CRC16INIRESW0_L                            
0000099e  CRC16RESRW0                                
0000099f  CRC16RESRW0_H                              
0000099e  CRC16RESRW0_L                              
00000986  CRC32DIRBW0                                
00000987  CRC32DIRBW0_H                              
00000986  CRC32DIRBW0_L                              
00000984  CRC32DIRBW1                                
00000985  CRC32DIRBW1_H                              
00000984  CRC32DIRBW1_L                              
00000980  CRC32DIW0                                  
00000981  CRC32DIW0_H                                
00000980  CRC32DIW0_L                                
00000982  CRC32DIW1                                  
00000983  CRC32DIW1_H                                
00000982  CRC32DIW1_L                                
00000988  CRC32INIRESW0                              
00000989  CRC32INIRESW0_H                            
00000988  CRC32INIRESW0_L                            
0000098a  CRC32INIRESW1                              
0000098b  CRC32INIRESW1_H                            
0000098a  CRC32INIRESW1_L                            
0000098e  CRC32RESRW0                                
0000098f  CRC32RESRW0_H                              
0000098e  CRC32RESRW0_L                              
0000098c  CRC32RESRW1                                
0000098d  CRC32RESRW1_H                              
0000098c  CRC32RESRW1_L                              
00000150  CRCDI                                      
00000152  CRCDIRB                                    
00000153  CRCDIRB_H                                  
00000152  CRCDIRB_L                                  
00000151  CRCDI_H                                    
00000150  CRCDI_L                                    
00000154  CRCINIRES                                  
00000155  CRCINIRES_H                                
00000154  CRCINIRES_L                                
00000156  CRCRESR                                    
00000157  CRCRESR_H                                  
00000156  CRCRESR_L                                  
00000160  CSCTL0                                     
00000161  CSCTL0_H                                   
00000160  CSCTL0_L                                   
00000162  CSCTL1                                     
00000163  CSCTL1_H                                   
00000162  CSCTL1_L                                   
00000164  CSCTL2                                     
00000165  CSCTL2_H                                   
00000164  CSCTL2_L                                   
00000166  CSCTL3                                     
00000167  CSCTL3_H                                   
00000166  CSCTL3_L                                   
00000168  CSCTL4                                     
00000169  CSCTL4_H                                   
00000168  CSCTL4_L                                   
0000016a  CSCTL5                                     
0000016b  CSCTL5_H                                   
0000016a  CSCTL5_L                                   
0000016c  CSCTL6                                     
0000016d  CSCTL6_H                                   
0000016c  CSCTL6_L                                   
000389e4  CS_initClockSignal                         
000363bc  CS_setDCOFreq                              
00039ae4  CopyArray                                  
00000510  DMA0CTL                                    
00000511  DMA0CTL_H                                  
00000510  DMA0CTL_L                                  
00000516  DMA0DA                                     
00000518  DMA0DAH                                    
00000516  DMA0DAL                                    
00000512  DMA0SA                                     
00000514  DMA0SAH                                    
00000512  DMA0SAL                                    
0000051a  DMA0SZ                                     
0000051b  DMA0SZ_H                                   
0000051a  DMA0SZ_L                                   
00000520  DMA1CTL                                    
00000521  DMA1CTL_H                                  
00000520  DMA1CTL_L                                  
00000526  DMA1DA                                     
00000528  DMA1DAH                                    
00000526  DMA1DAL                                    
00000522  DMA1SA                                     
00000524  DMA1SAH                                    
00000522  DMA1SAL                                    
0000052a  DMA1SZ                                     
0000052b  DMA1SZ_H                                   
0000052a  DMA1SZ_L                                   
00000530  DMA2CTL                                    
00000531  DMA2CTL_H                                  
00000530  DMA2CTL_L                                  
00000536  DMA2DA                                     
00000538  DMA2DAH                                    
00000536  DMA2DAL                                    
00000532  DMA2SA                                     
00000534  DMA2SAH                                    
00000532  DMA2SAL                                    
0000053a  DMA2SZ                                     
0000053b  DMA2SZ_H                                   
0000053a  DMA2SZ_L                                   
00000540  DMA3CTL                                    
00000541  DMA3CTL_H                                  
00000540  DMA3CTL_L                                  
00000546  DMA3DA                                     
00000548  DMA3DAH                                    
00000546  DMA3DAL                                    
00000542  DMA3SA                                     
00000544  DMA3SAH                                    
00000542  DMA3SAL                                    
0000054a  DMA3SZ                                     
0000054b  DMA3SZ_H                                   
0000054a  DMA3SZ_L                                   
00000550  DMA4CTL                                    
00000551  DMA4CTL_H                                  
00000550  DMA4CTL_L                                  
00000556  DMA4DA                                     
00000558  DMA4DAH                                    
00000556  DMA4DAL                                    
00000552  DMA4SA                                     
00000554  DMA4SAH                                    
00000552  DMA4SAL                                    
0000055a  DMA4SZ                                     
0000055b  DMA4SZ_H                                   
0000055a  DMA4SZ_L                                   
00000560  DMA5CTL                                    
00000561  DMA5CTL_H                                  
00000560  DMA5CTL_L                                  
00000566  DMA5DA                                     
00000568  DMA5DAH                                    
00000566  DMA5DAL                                    
00000562  DMA5SA                                     
00000564  DMA5SAH                                    
00000562  DMA5SAL                                    
0000056a  DMA5SZ                                     
0000056b  DMA5SZ_H                                   
0000056a  DMA5SZ_L                                   
00000500  DMACTL0                                    
00000501  DMACTL0_H                                  
00000500  DMACTL0_L                                  
00000502  DMACTL1                                    
00000503  DMACTL1_H                                  
00000502  DMACTL1_L                                  
00000504  DMACTL2                                    
00000505  DMACTL2_H                                  
00000504  DMACTL2_L                                  
00000508  DMACTL4                                    
00000509  DMACTL4_H                                  
00000508  DMACTL4_L                                  
0000050e  DMAIV                                      
0000050f  DMAIV_H                                    
0000050e  DMAIV_L                                    
00039d8a  EUSCI_A_UART_clearInterrupt                
00039df0  EUSCI_A_UART_enable                        
00037f98  EUSCI_A_UART_init                          
00039224  EUSCI_A_UART_transmitData                  
00000140  FRCTL0                                     
00000141  FRCTL0_H                                   
00000140  FRCTL0_L                                   
00001da2  FreqLevel                                  
00000144  GCCTL0                                     
00000145  GCCTL0_H                                   
00000144  GCCTL0_L                                   
00000146  GCCTL1                                     
00000147  GCCTL1_H                                   
00000146  GCCTL1_L                                   
000386da  GPIO_setAsPeripheralModuleFunctionInputPin 
0003874c  GPIO_setAsPeripheralModuleFunctionOutputPin
000392a6  I2C_Master_ReadReg                         
00038ed4  I2C_Master_WriteReg                        
0000439c  INITIAL_VALUES                             
00000a80  LEACAP                                     
00000a82  LEACAPH                                    
00000a80  LEACAPL                                    
00000a98  LEACMA                                     
00000a9a  LEACMAH                                    
00000a98  LEACMAL                                    
00000a9c  LEACMCTL                                   
00000a9e  LEACMCTLH                                  
00000a9c  LEACMCTLL                                  
00000aa8  LEACMDSTAT                                 
00000aaa  LEACMDSTATH                                
00000aa8  LEACMDSTATL                                
00000a84  LEACNF0                                    
00000a86  LEACNF0H                                   
00000a84  LEACNF0L                                   
00000a88  LEACNF1                                    
00000a8a  LEACNF1H                                   
[...]
00000af2  LEAIFGSETH                                 
00000af4  LEAIE                                      
00000af4  LEAIEL                                     
00000af6  LEAIEH                                     
00000af8  LEAIFG                                     
00000af8  LEAIFGL                                    
00000afa  LEAIFGH                                    
00000afc  LEAIV                                      
00000afc  LEAIVL                                     
00000afe  LEAIVH                                     
00001c00  UartParams                                 
00001c90  pxCurrentTCB                               
00001cbc  ReceiveBuffer                              
00001cd0  Sig_1                                      
00001ce4  Sig_2                                      
00001cf8  Sig_3                                      
00001d0c  TransmitBuffer                             
00001d64  SE_1_1                                     
00001d6e  SE_1_2                                     
00001d78  SE_2_1                                     
00001d82  SE_2_2                                     
00001d8c  SE_3_1                                     
00001d96  SE_3_2                                     
00001da0  UART_FG                                    
00001da2  FreqLevel                                  
00001da4  uartsetup                                  
00001da6  uart2setup                                 
00001da8  start                                      
00001daa  SE_1                                       
00001db2  SE_2                                       
00001dba  SE_3                                       
00001dc2  MasterMode                                 
00001dc4  TransmitRegAddr                            
00001dc5  RXByteCtr                                  
00001dc6  ReceiveIndex                               
00001dc7  TXByteCtr                                  
00001dc8  TransmitIndex                              
00001dca  totalSum                                   
00001dce  ulRunTimeCounterOverflows                  
00001dd2  usCriticalNesting                          
00001dd4  errno                                      
00001f6a  taskArray                                  
00001f72  xEventGroup                                
00001f76  xSchedulerMessages                         
00001f7a  msp_lea_ifg                                
00001f7c  msp_lea_locked                             
00002c00  MULTIPLY_BUFFER                            
00004000  USCI_B2_ISR                                
00004000  fram_ipe_end                               
00004000  fram_ipe_start                             
00004000  fram_rw_start                              
00004000  fram_rx_start                              
000040e6  _c_int00_noargs                            
00004102  msp_lea_isr                                
0000411e  v4RunTimeStatsTimerOverflow                
00004132  vTickISREntry                              
00004142  __TI_ISR_TRAP                              
0000414a  _ctypes_                                   
0000439c  INITIAL_VALUES                             
00004422  uxTopUsedPriority                          
000044f6  __TI_Handler_Table_Base                    
00004502  __TI_Handler_Table_Limit                   
0000450e  __TI_CINIT_Base                            
00004526  __TI_CINIT_Limit                           
00004526  __TI_CINIT_Warm                            
0000fee0  _stack                                     
0000ff80  __STACK_END                                
0000ffb4  __TI_int18                                 
0000ffb6  __TI_int19                                 
0000ffb8  __TI_int20                                 
0000ffba  __TI_int21                                 
0000ffbc  __TI_int22                                 
0000ffbe  __TI_int23                                 
0000ffc0  __TI_int24                                 
0000ffc2  __TI_int25                                 
0000ffc4  __TI_int26                                 
0000ffc6  __TI_int27                                 
0000ffc8  __TI_int28                                 
0000ffca  __TI_int29                                 
0000ffcc  __TI_int30                                 
0000ffce  __TI_int31                                 
0000ffd0  __TI_int32                                 
0000ffd2  __TI_int33                                 
0000ffd4  __TI_int34                                 
0000ffd6  __TI_int35                                 
0000ffd8  __TI_int36                                 
0000ffda  __TI_int37                                 
0000ffdc  __TI_int38                                 
0000ffde  __TI_int39                                 
0000ffe0  __TI_int40                                 
0000ffe2  __TI_int41                                 
0000ffe4  __TI_int42                                 
0000ffe6  __TI_int43                                 
0000ffe8  __TI_int44                                 
0000ffea  __TI_int45                                 
0000ffec  __TI_int46                                 
0000ffee  __TI_int47                                 
0000fff0  __TI_int48                                 
0000fff2  __TI_int49                                 
0000fff4  __TI_int50                                 
0000fff6  __TI_int51                                 
0000fff8  __TI_int52                                 
0000fffa  __TI_int53                                 
0000fffc  __TI_int54                                 
0000fffe  _reset_vector                              
00010000  ucHeap                                     
00015000  MODEL_ARRAY_TEMP                           
00019e20  Task1_Input                                
0001ec40  Task2_Input                                
00023a60  conv3_weight                               
0002aa60  conv2_weight                               
0002ec60  conv1_weight                               
0002f010  MODEL_BLOCK_TEMP_1                         
0002f0d8  MODEL_BLOCK_TEMP_2                         
0002f1a0  conv3_bias                                 
0002f220  conv2_bias                                 
0002f2e0  ML_num                                     
0002f304  conv1_bias                                 
0002f324  conv1Params                                
0002f33c  conv2Params                                
0002f354  conv3Params                                
0002f36c  SE_FC_1                                    
0002f380  SE_FC_2                                    
0002f3d0  task1Params                                
0002f3e2  task2Params                                
0002f3f4  end_time                                   
0002f424  conv1scale                                 
0002f42e  conv2scale                                 
0002f438  conv3scale                                 
0002f442  fail                                       
0002f443  check                                      
0002f444  restore_tick                               
0002f448  elapsed_ticks                              
0002f44c  pow                                        
0002f44c  powl                                       
00030598  __mspabi_addd                              
00030cc2  exp                                        
00030cc2  expl                                       
000311ea  __TI_frcdivd                               
00031652  filters_sum                                
00031a3e  __mspabi_divull                            
0003206a  sqrt                                       
0003206a  sqrtl                                      
00032346  Task2                                      
0003261a  Task1                                      
000328da  __TI_printfi                               
00032b88  SchedulerTask                              
00032e1e  __mspabi_mpyd                              
00033318  conv                                       
0003377c  __mspabi_divd                              
00033998  conv2d                                     
00033f98  xTaskIncrementTick                         
00034170  msp_matrix_mpy_q15                         
00034506  floor                                      
00034506  floorl                                     
000346ca  global_avg_pool                            
00034880  filter_im2col                              
00034bd8  xQueueGenericSend                          
00034d70  xEventGroupWaitBits                        
00034efe  se1_fc2                                    
0003508a  xTaskResumeAll                             
00035216  xQueueReceive                              
00035508  maxpooling_with_importance                 
0003566e  __TI_frcmpyd                               
000357d2  sigmoid                                    
00035a94  ldexp                                      
00035a94  ldexpl                                     
00035a94  scalbn                                     
00035a94  scalbnl                                    
00035bee  dense_koo                                  
00035d46  se1_fc1                                    
00035e94  pvPortMalloc                               
00035fe0  xTaskRemoveFromEventList                   
0003612c  _DBGUART                                   
000363bc  CS_setDCOFreq                              
00036630  __mspabi_subf                              
00036636  __mspabi_addf                              
00036762  vTaskSwitchContext                         
00036894  vTaskRemoveFromUnorderedEventList          
000369b0  round                                      
000369b0  roundl                                     
00036ab6  xEventGroupSetBits                         
00036dae  padding_same                               
00037070  xQueueGenericReset                         
0003714e  max_pooling_layer                          
0003722a  __mspabi_cmpd                              
000373d8  xTaskPriorityDisinherit                    
000374a8  boardSetup                                 
00037638  matrix32_add                               
000376f0  __mspabi_mpyf                              
00037910  setFrequency                               
000379c4  __mspabi_cvtdf                             
00037b22  maxpooling_filters                         
00037bcc  frexp                                      
00037bcc  frexpl                                     
00037c72  vPortPreemptiveTickISR                     
00037ca2  vPortCooperativeTickISR                    
00037cce  vPortYield                                 
00037cfe  xPortStartScheduler                        
00037d18  xTaskCheckForTimeOut                       
00037e5c  __mspabi_fltlid                            
00037f98  EUSCI_A_UART_init                          
00038032  task_start                                 
000380ca  __TI_ltoa                                  
00038160  xTaskCreate                                
00038286  vTaskPlaceOnUnorderedEventList             
0003830c  vTaskStartScheduler                        
0003838e  convertFloat                               
000384fc  __TI_auto_init_nobinit_nopinit_hold_wdt    
000385ec  snprintf                                   
00038664  __TI_decompress_lzss                       
000386da  GPIO_setAsPeripheralModuleFunctionInputPin 
0003874c  GPIO_setAsPeripheralModuleFunctionOutputPin
00038830  main                                       
0003889e  xQueueGenericCreate                        
00038978  vTaskPlaceOnEventListRestricted            
000389e4  CS_initClockSignal                         
00038a4e  uartinit                                   
00038ab8  vPortFree                                  
00038b22  __mspabi_fixfi                             
00038b8a  __mspabi_fixdli                            
00038bf0  atoi                                       
00038d14  xEventGroupClearBits                       
00038d72  __mspabi_mpyll_f5hw                        
00038e28  __mspabi_divul                             
00038e28  __mspabi_remul                             
00038e80  vListInsert                                
00038ed4  I2C_Master_WriteReg                        
00039016  msp_lea_init                               
00039064  vQueueWaitForMessageRestricted             
000390b2  convertl                                   
0003914a  xTimerCreateTimerTask                      
00039196  SE_Block                                   
000391e0  AB1805_get_datetime                        
00039224  EUSCI_A_UART_transmitData                  
00039266  AB1805_set_datetime                        
000392a6  I2C_Master_ReadReg                         
000392e6  __mspabi_srall                             
00039326  __mspabi_divli                             
00039326  __mspabi_remli                             
00039366  __mspabi_sral_15                           
0003936a  __mspabi_sral_14                           
0003936e  __mspabi_sral_13                           
00039372  __mspabi_sral_12                           
00039376  __mspabi_sral_11                           
0003937a  __mspabi_sral_10                           
0003937e  __mspabi_sral_9                            
00039382  __mspabi_sral_8                            
00039386  __mspabi_sral_7                            
0003938a  __mspabi_sral_6                            
0003938e  __mspabi_sral_5                            
00039392  __mspabi_sral_4                            
00039396  __mspabi_sral_3                            
0003939a  __mspabi_sral_2                            
0003939e  __mspabi_sral_1                            
000393a4  __mspabi_slll_15                           
000393a8  __mspabi_slll_14                           
000393ac  __mspabi_slll_13                           
000393b0  __mspabi_slll_12                           
000393b4  __mspabi_slll_11                           
000393b8  __mspabi_slll_10                           
000393bc  __mspabi_slll_9                            
000393c0  __mspabi_slll_8                            
000393c4  __mspabi_slll_7                            
000393c8  __mspabi_slll_6                            
000393cc  __mspabi_slll_5                            
000393d0  __mspabi_slll_4                            
000393d4  __mspabi_slll_3                            
000393d8  __mspabi_slll_2                            
000393dc  __mspabi_slll_1                            
000393e2  __mspabi_srll_15                           
000393e6  __mspabi_srll_14                           
000393ea  __mspabi_srll_13                           
000393ee  __mspabi_srll_12                           
000393f2  __mspabi_srll_11                           
000393f6  __mspabi_srll_10                           
000393fa  __mspabi_srll_9                            
000393fe  __mspabi_srll_8                            
00039402  __mspabi_srll_7                            
00039406  __mspabi_srll_6                            
0003940a  __mspabi_srll_5                            
0003940e  __mspabi_srll_4                            
00039412  __mspabi_srll_3                            
00039416  __mspabi_srll_2                            
0003941a  __mspabi_srll_1                            
00039420  memcpy                                     
0003945c  AB1805_init                                
00039496  __mspabi_sllll                             
000394d0  __mspabi_srlll                             
0003950a  uxListRemove                               
0003957c  __mspabi_fltif                             
000395b2  memccpy                                    
0003961a  __mspabi_subd                              
0003964c  convert                                    
0003967e  dma_load                                   
000396e0  vTaskPlaceOnEventList                      
00039710  __mspabi_negd                              
0003976c  copysign                                   
0003976c  copysignl                                  
000397f6  __mspabi_mpyull_f5hw                       
0003987a  __mspabi_divi                              
0003987a  __mspabi_remi                              
000398a6  vListInitialise                            
000398fc  uxTaskResetEventItemValue                  
00039926  __mspabi_fixdi                             
00039976  wcslen                                     
0003999e  xTaskGetTickCount                          
000399c6  vApplicationSetupTimerInterrupt            
000399c6  vPortSetupTimerInterrupt                   
000399ec  xEventGroupCreate                          
00039a12  addTaskToArray                             
00039a36  __TI_zero_init                             
00039a5a  pxPortInitialiseStack                      
00039a7e  __mspabi_mpyl_f5hw                         
00039aa2  resetUART                                  
00039ac4  memset                                     
00039ae4  CopyArray                                  
00039b00  strchr                                     
00039b1c  AB1805_write_rtc_register                  
00039b36  AB1805_set_day                             
00039b4e  AB1805_set_hour                            
00039b66  AB1805_set_month                           
00039b7e  __mspabi_mpyi_f5hw                         
00039b96  xTaskGetSchedulerState                     
00039bae  AB1805_set_date                            
00039bc4  AB1805_set_minute                          
00039bda  AB1805_set_second                          
00039bf0  bcd_to_decimal                             
00039c06  __TI_decompress_none                       
00039c5e  __mspabi_divu                              
00039c5e  __mspabi_remu                              
00039c74  vTaskInternalSetTimeOutState               
00039c88  AB1805_get_hour                            
00039c9a  AB1805_get_month                           
00039cac  AB1805_read_rtc_register                   
00039cbe  strlen                                     
00039cd0  toupper                                    
00039ce2  AB1805_get_date                            
00039cf2  AB1805_get_minute                          
00039d02  AB1805_get_second                          
00039d12  AB1805_get_year                            
00039d22  __mspabi_sral                              
00039d32  __mspabi_slll                              
00039d42  __mspabi_srll                              
00039d52  vConfigureTimerForRunTimeStats             
00039d62  AB1805_get_day                             
00039d70  AB1805_get_hundredth                       
00039d7e  AB1805_set_year                            
00039d8a  EUSCI_A_UART_clearInterrupt                
00039d96  __mspabi_fltid                             
00039da2  vApplicationIdleHook                       
00039dae  AB1805_get_rtc_data                        
00039db8  abs                                        
00039dc2  __mspabi_slli                              
00039dcc  vApplicationMallocFailedHook               
00039dd6  vApplicationStackOverflowHook              
00039de0  fp_relu                                    
00039de8  vListInitialiseItem                        
00039df0  EUSCI_A_UART_enable                        
00039df6  C$$EXIT                                    
00039df6  abort                                      
00039dfc  vTaskMissedYield                           
00039e02  vTaskSuspendAll                            
00039e08  _system_pre_init                           
00039e0c  _system_post_cinit                         
00039e0e  vApplicationTickHook                       
ffffffff  __TI_pprof_out_hndl                        
ffffffff  __TI_prof_data_size                        
ffffffff  __TI_prof_data_start                       
ffffffff  __c_args__                                 

[1903 symbols]
